Archive member included to satisfy reference by file (symbol)

/Users/divya/Documents/MCUXpressoIDE_11.3.0/workspace/CMSIS_CORE_LPC17xx/Debug/libCMSIS_CORE_LPC17xx.a(system_LPC17xx.o)
                              ./src/cr_startup_lpc175x_6x.o (SystemInit)
/Applications/MCUXpressoIDE_11.3.0_5222/ide/plugins/com.nxp.mcuxpresso.tools.macosx_11.3.0.202011031536/tools/bin/../lib/gcc/arm-none-eabi/9.3.1/../../../../arm-none-eabi/lib/thumb/v7-m/nofp/libcr_semihost.a(_cr__main.o)
                              ./src/cr_startup_lpc175x_6x.o (__main)
/Applications/MCUXpressoIDE_11.3.0_5222/ide/plugins/com.nxp.mcuxpresso.tools.macosx_11.3.0.202011031536/tools/bin/../lib/gcc/arm-none-eabi/9.3.1/../../../../arm-none-eabi/lib/thumb/v7-m/nofp/libcr_c.a(alloc.o)
                              ./src/Divya_Lab3D_CMPE240.o (malloc)
/Applications/MCUXpressoIDE_11.3.0_5222/ide/plugins/com.nxp.mcuxpresso.tools.macosx_11.3.0.202011031536/tools/bin/../lib/gcc/arm-none-eabi/9.3.1/../../../../arm-none-eabi/lib/thumb/v7-m/nofp/libcr_c.a(cos.o)
                              ./src/DecorationShapes.o (cos)
/Applications/MCUXpressoIDE_11.3.0_5222/ide/plugins/com.nxp.mcuxpresso.tools.macosx_11.3.0.202011031536/tools/bin/../lib/gcc/arm-none-eabi/9.3.1/../../../../arm-none-eabi/lib/thumb/v7-m/nofp/libcr_c.a(floor.o)
                              ./src/Divya_Lab3D_CMPE240.o (floor)
/Applications/MCUXpressoIDE_11.3.0_5222/ide/plugins/com.nxp.mcuxpresso.tools.macosx_11.3.0.202011031536/tools/bin/../lib/gcc/arm-none-eabi/9.3.1/../../../../arm-none-eabi/lib/thumb/v7-m/nofp/libcr_c.a(fpprintf.o)
                              ./src/Divya_Lab3D_CMPE240.o (printf)
/Applications/MCUXpressoIDE_11.3.0_5222/ide/plugins/com.nxp.mcuxpresso.tools.macosx_11.3.0.202011031536/tools/bin/../lib/gcc/arm-none-eabi/9.3.1/../../../../arm-none-eabi/lib/thumb/v7-m/nofp/libcr_c.a(initio.o)
                              /Applications/MCUXpressoIDE_11.3.0_5222/ide/plugins/com.nxp.mcuxpresso.tools.macosx_11.3.0.202011031536/tools/bin/../lib/gcc/arm-none-eabi/9.3.1/../../../../arm-none-eabi/lib/thumb/v7-m/nofp/libcr_semihost.a(_cr__main.o) (_initio)
/Applications/MCUXpressoIDE_11.3.0_5222/ide/plugins/com.nxp.mcuxpresso.tools.macosx_11.3.0.202011031536/tools/bin/../lib/gcc/arm-none-eabi/9.3.1/../../../../arm-none-eabi/lib/thumb/v7-m/nofp/libcr_c.a(pow.o)
                              ./src/Divya_Lab3D_CMPE240.o (pow)
/Applications/MCUXpressoIDE_11.3.0_5222/ide/plugins/com.nxp.mcuxpresso.tools.macosx_11.3.0.202011031536/tools/bin/../lib/gcc/arm-none-eabi/9.3.1/../../../../arm-none-eabi/lib/thumb/v7-m/nofp/libcr_c.a(printf.o)
                              /Applications/MCUXpressoIDE_11.3.0_5222/ide/plugins/com.nxp.mcuxpresso.tools.macosx_11.3.0.202011031536/tools/bin/../lib/gcc/arm-none-eabi/9.3.1/../../../../arm-none-eabi/lib/thumb/v7-m/nofp/libcr_c.a(fpprintf.o) (__vfprintf)
/Applications/MCUXpressoIDE_11.3.0_5222/ide/plugins/com.nxp.mcuxpresso.tools.macosx_11.3.0.202011031536/tools/bin/../lib/gcc/arm-none-eabi/9.3.1/../../../../arm-none-eabi/lib/thumb/v7-m/nofp/libcr_c.a(puts.o)
                              ./src/main.o (puts)
/Applications/MCUXpressoIDE_11.3.0_5222/ide/plugins/com.nxp.mcuxpresso.tools.macosx_11.3.0.202011031536/tools/bin/../lib/gcc/arm-none-eabi/9.3.1/../../../../arm-none-eabi/lib/thumb/v7-m/nofp/libcr_c.a(setvbuf.o)
                              /Applications/MCUXpressoIDE_11.3.0_5222/ide/plugins/com.nxp.mcuxpresso.tools.macosx_11.3.0.202011031536/tools/bin/../lib/gcc/arm-none-eabi/9.3.1/../../../../arm-none-eabi/lib/thumb/v7-m/nofp/libcr_c.a(initio.o) (setvbuf)
/Applications/MCUXpressoIDE_11.3.0_5222/ide/plugins/com.nxp.mcuxpresso.tools.macosx_11.3.0.202011031536/tools/bin/../lib/gcc/arm-none-eabi/9.3.1/../../../../arm-none-eabi/lib/thumb/v7-m/nofp/libcr_c.a(sin.o)
                              ./src/DecorationShapes.o (sin)
/Applications/MCUXpressoIDE_11.3.0_5222/ide/plugins/com.nxp.mcuxpresso.tools.macosx_11.3.0.202011031536/tools/bin/../lib/gcc/arm-none-eabi/9.3.1/../../../../arm-none-eabi/lib/thumb/v7-m/nofp/libcr_c.a(sqrt.o)
                              ./src/Divya_Lab3D_CMPE240.o (sqrt)
/Applications/MCUXpressoIDE_11.3.0_5222/ide/plugins/com.nxp.mcuxpresso.tools.macosx_11.3.0.202011031536/tools/bin/../lib/gcc/arm-none-eabi/9.3.1/../../../../arm-none-eabi/lib/thumb/v7-m/nofp/libcr_c.a(stdlib.o)
                              ./src/Divya_Lab3D_CMPE240.o (abs)
/Applications/MCUXpressoIDE_11.3.0_5222/ide/plugins/com.nxp.mcuxpresso.tools.macosx_11.3.0.202011031536/tools/bin/../lib/gcc/arm-none-eabi/9.3.1/../../../../arm-none-eabi/lib/thumb/v7-m/nofp/libcr_c.a(strlen.o)
                              /Applications/MCUXpressoIDE_11.3.0_5222/ide/plugins/com.nxp.mcuxpresso.tools.macosx_11.3.0.202011031536/tools/bin/../lib/gcc/arm-none-eabi/9.3.1/../../../../arm-none-eabi/lib/thumb/v7-m/nofp/libcr_c.a(printf.o) (strlen)
[...]
Memory Configuration

Name             Origin             Length             Attributes
MFlash512        0x0000000000000000 0x0000000000080000 xr
RamLoc32         0x0000000010000000 0x0000000000008000 xrw
RamAHB32         0x000000002007c000 0x0000000000008000 xrw
*default*        0x0000000000000000 0xffffffffffffffff

Linker script and memory map

LOAD ./src/DecorationShapes.o
LOAD ./src/Divya_Lab3D_CMPE240.o
LOAD ./src/cr_startup_lpc175x_6x.o
LOAD ./src/crp.o
LOAD ./src/drawLine.o
LOAD ./src/globals.o
LOAD ./src/main.o
LOAD ./src/ssp.o
LOAD ./src/threeDTransformation.o
LOAD /Users/divya/Documents/MCUXpressoIDE_11.3.0/workspace/CMSIS_CORE_LPC17xx/Debug/libCMSIS_CORE_LPC17xx.a
START GROUP
LOAD /Applications/MCUXpressoIDE_11.3.0_5222/ide/plugins/com.nxp.mcuxpresso.tools.macosx_11.3.0.202011031536/tools/bin/../lib/gcc/arm-none-eabi/9.3.1/../../../../arm-none-eabi/lib/thumb/v7-m/nofp/libcr_semihost.a
LOAD /Applications/MCUXpressoIDE_11.3.0_5222/ide/plugins/com.nxp.mcuxpresso.tools.macosx_11.3.0.202011031536/tools/bin/../lib/gcc/arm-none-eabi/9.3.1/../../../../arm-none-eabi/lib/thumb/v7-m/nofp/libcr_c.a
LOAD /Applications/MCUXpressoIDE_11.3.0_5222/ide/plugins/com.nxp.mcuxpresso.tools.macosx_11.3.0.202011031536/tools/bin/../lib/gcc/arm-none-eabi/9.3.1/thumb/v7-m/nofp/libcr_eabihelpers.a
LOAD /Applications/MCUXpressoIDE_11.3.0_5222/ide/plugins/com.nxp.mcuxpresso.tools.macosx_11.3.0.202011031536/tools/bin/../lib/gcc/arm-none-eabi/9.3.1/thumb/v7-m/nofp/libgcc.a
END GROUP
                0x0000000000000000                __base_MFlash512 = 0x0
                0x0000000000000000                __base_Flash = 0x0
                0x0000000000080000                __top_MFlash512 = 0x80000
                0x0000000000080000                __top_Flash = 0x80000
                0x0000000010000000                __base_RamLoc32 = 0x10000000
                0x0000000010000000                __base_RAM = 0x10000000
                0x0000000010008000                __top_RamLoc32 = 0x10008000
                0x0000000010008000                __top_RAM = 0x10008000
                0x000000002007c000                __base_RamAHB32 = 0x2007c000
                0x000000002007c000                __base_RAM2 = 0x2007c000
                0x0000000020084000                __top_RamAHB32 = 0x20084000
                0x0000000020084000                __top_RAM2 = 0x20084000

.text           0x0000000000000000     0x72c0
 FILL mask 0xff
                0x0000000000000000                __vectors_start__ = ABSOLUTE (.)
 *(.isr_vector)
 .isr_vector    0x0000000000000000       0xcc ./src/cr_startup_lpc175x_6x.o
                0x0000000000000000                g_pfnVectors
                0x00000000000000cc                . = ALIGN (0x4)
                0x00000000000000cc                __section_table_start = .
                0x00000000000000cc                __data_section_table = .
                0x00000000000000cc        0x4 LONG 0x72c0 LOADADDR (.data)
                0x00000000000000d0        0x4 LONG 0x10000000 ADDR (.data)
                0x00000000000000d4        0x4 LONG 0x0 SIZEOF (.data)
                0x00000000000000d8        0x4 LONG 0x72c0 LOADADDR (.data_RAM2)
                0x00000000000000dc        0x4 LONG 0x2007c000 ADDR (.data_RAM2)
                0x00000000000000e0        0x4 LONG 0x0 SIZEOF (.data_RAM2)
                0x00000000000000e4                __data_section_table_end = .
                0x00000000000000e4                __bss_section_table = .
                0x00000000000000e4        0x4 LONG 0x10000000 ADDR (.bss)
                0x00000000000000e8        0x4 LONG 0x224 SIZEOF (.bss)
                0x00000000000000ec        0x4 LONG 0x2007c000 ADDR (.bss_RAM2)
                0x00000000000000f0        0x4 LONG 0x0 SIZEOF (.bss_RAM2)
                0x00000000000000f4                __bss_section_table_end = .
                0x00000000000000f4                __section_table_end = .
 *(.after_vectors*)
 .after_vectors
                0x00000000000000f4      0x130 ./src/cr_startup_lpc175x_6x.o
                0x00000000000000f4                data_init
                0x0000000000000138                bss_init
                0x0000000000000170                ResetISR
                0x00000000000001e8                NMI_Handler
                0x00000000000001ee                HardFault_Handler
                0x00000000000001f4                MemManage_Handler
                0x00000000000001fa                BusFault_Handler
                0x0000000000000200                UsageFault_Handler
                0x0000000000000206                SVC_Handler
                0x000000000000020c                DebugMon_Handler
                0x0000000000000212                PendSV_Handler
                0x0000000000000218                SysTick_Handler
                0x000000000000021e                UART1_IRQHandler
                0x000000000000021e                EINT3_IRQHandler
                0x000000000000021e                CANActivity_IRQHandler
                0x000000000000021e                TIMER3_IRQHandler
                0x000000000000021e                UART0_IRQHandler
                0x000000000000021e                USBActivity_IRQHandler
                0x000000000000021e                TIMER2_IRQHandler
                0x000000000000021e                IntDefaultHandler
                0x000000000000021e                PLL0_IRQHandler
                0x000000000000021e                CAN_IRQHandler
                0x000000000000021e                PLL1_IRQHandler
                0x000000000000021e                I2S_IRQHandler
                0x000000000000021e                I2C2_IRQHandler
                0x000000000000021e                RTC_IRQHandler
                0x000000000000021e                TIMER0_IRQHandler
                0x000000000000021e                SPI_IRQHandler
                0x000000000000021e                EINT1_IRQHandler
                0x000000000000021e                TIMER1_IRQHandler
                0x000000000000021e                UART2_IRQHandler
                0x000000000000021e                ADC_IRQHandler
                0x000000000000021e                USB_IRQHandler
                0x000000000000021e                BOD_IRQHandler
                0x000000000000021e                I2C0_IRQHandler
                0x000000000000021e                WDT_IRQHandler
                0x000000000000021e                QEI_IRQHandler
                0x000000000000021e                EINT0_IRQHandler
                0x000000000000021e                RIT_IRQHandler
                0x000000000000021e                DMA_IRQHandler
                0x000000000000021e                UART3_IRQHandler
                0x000000000000021e                MCPWM_IRQHandler
                0x000000000000021e                ENET_IRQHandler
                0x000000000000021e                PWM1_IRQHandler
                0x000000000000021e                I2C1_IRQHandler
                0x000000000000021e                EINT2_IRQHandler
                0x00000000000002fc                . = 0x2fc
 *fill*         0x0000000000000224       0xd8 ff
                0x00000000000002fc                PROVIDE (__CRP_WORD_START__ = .)
 *(.crp)
 .crp           0x00000000000002fc        0x4 ./src/crp.o
                0x00000000000002fc                CRP_WORD
                0x0000000000000300                PROVIDE (__CRP_WORD_END__ = .)
                0x0000000000000001                ASSERT (! ((__CRP_WORD_START__ == __CRP_WORD_END__)), Linker CRP Enabled, but no CRP_WORD provided within application)
 *(.text*)
 .text.drawPixel3D
                0x0000000000000300       0x3e ./src/DecorationShapes.o
                0x0000000000000300                drawPixel3D
 .text.drawLine3D
                0x000000000000033e       0x56 ./src/DecorationShapes.o
                0x000000000000033e                drawLine3D
 .text.drawLine3D_jaadu
                0x0000000000000394       0x62 ./src/DecorationShapes.o
                0x0000000000000394                drawLine3D_jaadu
 *fill*         0x00000000000003f6        0x2 ff
 .text.tree_maker3D
                0x00000000000003f8      0x160 ./src/DecorationShapes.o
                0x00000000000003f8                tree_maker3D
 .text.draw_complete_tree_3d
                0x0000000000000558      0x21c ./src/DecorationShapes.o
                0x0000000000000558                draw_complete_tree_3d
 .text.drawHands3D
                0x0000000000000774       0x56 ./src/DecorationShapes.o
                0x0000000000000774                drawHands3D
 .text.calculateBranchEnds3D
                0x00000000000007ca       0x7a ./src/DecorationShapes.o
                0x00000000000007ca                calculateBranchEnds3D
 .text.branchReduction3D
                0x0000000000000844       0xd0 ./src/DecorationShapes.o
                0x0000000000000844                branchReduction3D
 .text.branchExtension3D
                0x0000000000000914       0xe0 ./src/DecorationShapes.o
                0x0000000000000914                branchExtension3D
 .text.preProcessing3D
                0x00000000000009f4       0x40 ./src/DecorationShapes.o
                0x00000000000009f4                preProcessing3D
 .text.Rotation3D
                0x0000000000000a34      0x11c ./src/DecorationShapes.o
                0x0000000000000a34                Rotation3D
 .text.postProcessing3D
                0x0000000000000b50       0x40 ./src/DecorationShapes.o
                0x0000000000000b50                postProcessing3D
 .text.diffusedReflectionVertexForRGBColors
                0x0000000000000b90       0x80 ./src/Divya_Lab3D_CMPE240.o
                0x0000000000000b90                diffusedReflectionVertexForRGBColors
 .text.diffusedReflectionVertexForOneColor
                0x0000000000000c10       0xf8 ./src/Divya_Lab3D_CMPE240.o
                0x0000000000000c10                diffusedReflectionVertexForOneColor
 .text.fillPolygonGradient
                0x0000000000000d08      0x1cc ./src/Divya_Lab3D_CMPE240.o
                0x0000000000000d08                fillPolygonGradient
 .text.findcolor
                0x0000000000000ed4       0x6c ./src/Divya_Lab3D_CMPE240.o
                0x0000000000000ed4                findcolor
 .text.fillaBoundaryLineWithGradient
                0x0000000000000f40       0xd4 ./src/Divya_Lab3D_CMPE240.o
                0x0000000000000f40                fillaBoundaryLineWithGradient
 .text.fillaInteriorLineWithGradient
                0x0000000000001014       0xb0 ./src/Divya_Lab3D_CMPE240.o
                0x0000000000001014                fillaInteriorLineWithGradient
 .text.diffusedReflectionOfPointOnALine
                0x00000000000010c4       0xa8 ./src/Divya_Lab3D_CMPE240.o
                0x00000000000010c4                diffusedReflectionOfPointOnALine
 .text.diffusedReflectionIntermediatePointOneColor
                0x000000000000116c       0x56 ./src/Divya_Lab3D_CMPE240.o
                0x000000000000116c                diffusedReflectionIntermediatePointOneColor
 .text.diffusedReflectionOfPointCoordinate
                0x00000000000011c2       0x54 ./src/Divya_Lab3D_CMPE240.o
                0x00000000000011c2                diffusedReflectionOfPointCoordinate
 .text.pointsOnALine
                0x0000000000001216      0x18e ./src/Divya_Lab3D_CMPE240.o
                0x0000000000001216                pointsOnALine
 .text.fillPolygon
                0x00000000000013a4      0x264 ./src/Divya_Lab3D_CMPE240.o
                0x00000000000013a4                fillPolygon
 .text.fillaLine
                0x0000000000001608       0x4e ./src/Divya_Lab3D_CMPE240.o
                0x0000000000001608                fillaLine
 .text.maximum  0x0000000000001656       0x26 ./src/Divya_Lab3D_CMPE240.o
                0x0000000000001656                maximum
 .text.round_value
                0x000000000000167c       0x40 ./src/Divya_Lab3D_CMPE240.o
                0x000000000000167c                round_value
 .text.makeShadow
                0x00000000000016bc      0x2a4 ./src/Divya_Lab3D_CMPE240.o
                0x00000000000016bc                makeShadow
 .text.gradientUsingDDA
                0x0000000000001960      0x464 ./src/Divya_Lab3D_CMPE240.o
                0x0000000000001960                gradientUsingDDA
 .text.findLambda
                0x0000000000001dc4       0x9c ./src/Divya_Lab3D_CMPE240.o
                0x0000000000001dc4                findLambda
 .text.findinstersectionPointin3D
                0x0000000000001e60       0xd8 ./src/Divya_Lab3D_CMPE240.o
                0x0000000000001e60                findinstersectionPointin3D
 .text.drawRGBaxis
                0x0000000000001f38       0x40 ./src/Divya_Lab3D_CMPE240.o
                0x0000000000001f38                drawRGBaxis
 .text.drawCube
                0x0000000000001f78       0xaa ./src/Divya_Lab3D_CMPE240.o
                0x0000000000001f78                drawCube
 .text.convert3Dto2Dpoints
                0x0000000000002022       0x7c ./src/Divya_Lab3D_CMPE240.o
                0x0000000000002022                convert3Dto2Dpoints
 .text.ThreeDTransformationPipelining
                0x000000000000209e       0x64 ./src/Divya_Lab3D_CMPE240.o
                0x000000000000209e                ThreeDTransformationPipelining
 *fill*         0x0000000000002102        0x2 ff
 .text.determineTranformationMatrix
                0x0000000000002104      0x160 ./src/Divya_Lab3D_CMPE240.o
                0x0000000000002104                determineTranformationMatrix
 .text.convertWorldCoordinatesToViewerCoordinates
                0x0000000000002264      0x18e ./src/Divya_Lab3D_CMPE240.o
                0x0000000000002264                convertWorldCoordinatesToViewerCoordinates
 *fill*         0x00000000000023f2        0x2 ff
 .text.convertViewerCoordinatesToProjectedCoordinates
                0x00000000000023f4       0x50 ./src/Divya_Lab3D_CMPE240.o
                0x00000000000023f4                convertViewerCoordinatesToProjectedCoordinates
 .text.convertVirtualCoordinatesToPhysicalCoordinates
                0x0000000000002444       0x54 ./src/Divya_Lab3D_CMPE240.o
                0x0000000000002444                convertVirtualCoordinatesToPhysicalCoordinates
 .text.dotProduct
                0x0000000000002498       0x42 ./src/Divya_Lab3D_CMPE240.o
                0x0000000000002498                dotProduct
 .text.modulus  0x00000000000024da       0x8e ./src/Divya_Lab3D_CMPE240.o
                0x00000000000024da                modulus
 .text.subtract
                0x0000000000002568       0x40 ./src/Divya_Lab3D_CMPE240.o
                0x0000000000002568                subtract
 .text.printPoint3D
                0x00000000000025a8       0x24 ./src/Divya_Lab3D_CMPE240.o
                0x00000000000025a8                printPoint3D
 .text.drawLine
                0x00000000000025cc      0x190 ./src/drawLine.o
                0x00000000000025cc                drawLine
 .text.drawPixel
                0x000000000000275c       0x60 ./src/drawLine.o
                0x000000000000275c                drawPixel
 .text.lcd_init
                0x00000000000027bc       0xc4 ./src/drawLine.o
                0x00000000000027bc                lcd_init
 .text.lcddelay
                0x0000000000002880       0x30 ./src/drawLine.o
                0x0000000000002880                lcddelay
 .text.fillrect
                0x00000000000028b0       0x68 ./src/drawLine.o
                0x00000000000028b0                fillrect
 .text.setAddrWindow
                0x0000000000002918       0x52 ./src/drawLine.o
                0x0000000000002918                setAddrWindow
 .text.write888
                0x000000000000296a       0x50 ./src/drawLine.o
                0x000000000000296a                write888
 .text.writeword
                0x00000000000029ba       0x2e ./src/drawLine.o
                0x00000000000029ba                writeword
 .text.writedata
                0x00000000000029e8       0x2c ./src/drawLine.o
                0x00000000000029e8                writedata
 .text.writecommand
                0x0000000000002a14       0x2c ./src/drawLine.o
                0x0000000000002a14                writecommand
 .text.spiwrite
                0x0000000000002a40       0x40 ./src/drawLine.o
                0x0000000000002a40                spiwrite
 .text.main     0x0000000000002a80      0xc24 ./src/main.o
                0x0000000000002a80                main
 .text.NVIC_EnableIRQ
                0x00000000000036a4       0x30 ./src/ssp.o
 .text.SSP0_IRQHandler
                0x00000000000036d4       0x70 ./src/ssp.o
                0x00000000000036d4                SSP0_IRQHandler
 .text.SSP1_IRQHandler
                0x0000000000003744       0x70 ./src/ssp.o
                0x0000000000003744                SSP1_IRQHandler
 .text.SSP_SSELToggle
                0x00000000000037b4       0x68 ./src/ssp.o
                0x00000000000037b4                SSP_SSELToggle
 .text.SSP0Init
                0x000000000000381c       0xc0 ./src/ssp.o
                0x000000000000381c                SSP0Init
 .text.SSPSend  0x00000000000038dc       0xa0 ./src/ssp.o
                0x00000000000038dc                SSPSend
 .text.SystemInit
                0x000000000000397c       0xdc /Users/divya/Documents/MCUXpressoIDE_11.3.0/workspace/CMSIS_CORE_LPC17xx/Debug/libCMSIS_CORE_LPC17xx.a(system_LPC17xx.o)
                0x000000000000397c                SystemInit
 .text.__main   0x0000000000003a58        0xe /Applications/MCUXpressoIDE_11.3.0_5222/ide/plugins/com.nxp.mcuxpresso.tools.macosx_11.3.0.202011031536/tools/bin/../lib/gcc/arm-none-eabi/9.3.1/../../../../arm-none-eabi/lib/thumb/v7-m/nofp/libcr_semihost.a(_cr__main.o)
                0x0000000000003a58                __main
                0x0000000000003a58                __CR_SEMIHOST
 *fill*         0x0000000000003a66        0x2 ff
 .text.malloc   0x0000000000003a68       0xc8 /Applications/MCUXpressoIDE_11.3.0_5222/ide/plugins/com.nxp.mcuxpresso.tools.macosx_11.3.0.202011031536/tools/bin/../lib/gcc/arm-none-eabi/9.3.1/../../../../arm-none-eabi/lib/thumb/v7-m/nofp/libcr_c.a(alloc.o)
                0x0000000000003a68                malloc
 .text.free     0x0000000000003b30       0x30 /Applications/MCUXpressoIDE_11.3.0_5222/ide/plugins/com.nxp.mcuxpresso.tools.macosx_11.3.0.202011031536/tools/bin/../lib/gcc/arm-none-eabi/9.3.1/../../../../arm-none-eabi/lib/thumb/v7-m/nofp/libcr_c.a(alloc.o)
                0x0000000000003b30                free
 .text._Csys_alloc
                0x0000000000003b60       0x20 /Applications/MCUXpressoIDE_11.3.0_5222/ide/plugins/com.nxp.mcuxpresso.tools.macosx_11.3.0.202011031536/tools/bin/../lib/gcc/arm-none-eabi/9.3.1/../../../../arm-none-eabi/lib/thumb/v7-m/nofp/libcr_c.a(alloc.o)
                0x0000000000003b60                _Csys_alloc
 .text.cos      0x0000000000003b80       0x60 /Applications/MCUXpressoIDE_11.3.0_5222/ide/plugins/com.nxp.mcuxpresso.tools.macosx_11.3.0.202011031536/tools/bin/../lib/gcc/arm-none-eabi/9.3.1/../../../../arm-none-eabi/lib/thumb/v7-m/nofp/libcr_c.a(cos.o)
                0x0000000000003b80                cos
 .text.floor    0x0000000000003be0       0x84 /Applications/MCUXpressoIDE_11.3.0_5222/ide/plugins/com.nxp.mcuxpresso.tools.macosx_11.3.0.202011031536/tools/bin/../lib/gcc/arm-none-eabi/9.3.1/../../../../arm-none-eabi/lib/thumb/v7-m/nofp/libcr_c.a(floor.o)
                0x0000000000003be0                floor
 .text.fp_round
                0x0000000000003c64       0x4c /Applications/MCUXpressoIDE_11.3.0_5222/ide/plugins/com.nxp.mcuxpresso.tools.macosx_11.3.0.202011031536/tools/bin/../lib/gcc/arm-none-eabi/9.3.1/../../../../arm-none-eabi/lib/thumb/v7-m/nofp/libcr_c.a(fpprintf.o)
 .text.pr_dec.constprop.0
                0x0000000000003cb0       0x26 /Applications/MCUXpressoIDE_11.3.0_5222/ide/plugins/com.nxp.mcuxpresso.tools.macosx_11.3.0.202011031536/tools/bin/../lib/gcc/arm-none-eabi/9.3.1/../../../../arm-none-eabi/lib/thumb/v7-m/nofp/libcr_c.a(fpprintf.o)
 *fill*         0x0000000000003cd6        0x2 ff
 .text.sprintf  0x0000000000003cd8       0x6c /Applications/MCUXpressoIDE_11.3.0_5222/ide/plugins/com.nxp.mcuxpresso.tools.macosx_11.3.0.202011031536/tools/bin/../lib/gcc/arm-none-eabi/9.3.1/../../../../arm-none-eabi/lib/thumb/v7-m/nofp/libcr_c.a(fpprintf.o)
                0x0000000000003cd8                sprintf
 *fill*         0x0000000000003d44        0x4 ff
 .text.fp_display
                0x0000000000003d48      0x950 /Applications/MCUXpressoIDE_11.3.0_5222/ide/plugins/com.nxp.mcuxpresso.tools.macosx_11.3.0.202011031536/tools/bin/../lib/gcc/arm-none-eabi/9.3.1/../../../../arm-none-eabi/lib/thumb/v7-m/nofp/libcr_c.a(fpprintf.o)
 .text.vsnprintf
                0x0000000000004698       0x68 /Applications/MCUXpressoIDE_11.3.0_5222/ide/plugins/com.nxp.mcuxpresso.tools.macosx_11.3.0.202011031536/tools/bin/../lib/gcc/arm-none-eabi/9.3.1/../../../../arm-none-eabi/lib/thumb/v7-m/nofp/libcr_c.a(fpprintf.o)
                0x0000000000004698                vsnprintf
 .text.printf   0x0000000000004700       0x54 /Applications/MCUXpressoIDE_11.3.0_5222/ide/plugins/com.nxp.mcuxpresso.tools.macosx_11.3.0.202011031536/tools/bin/../lib/gcc/arm-none-eabi/9.3.1/../../../../arm-none-eabi/lib/thumb/v7-m/nofp/libcr_c.a(fpprintf.o)
                0x0000000000004700                printf
 .text._initio  0x0000000000004754       0x78 /Applications/MCUXpressoIDE_11.3.0_5222/ide/plugins/com.nxp.mcuxpresso.tools.macosx_11.3.0.202011031536/tools/bin/../lib/gcc/arm-none-eabi/9.3.1/../../../../arm-none-eabi/lib/thumb/v7-m/nofp/libcr_c.a(initio.o)
                0x0000000000004754                _initio
 *fill*         0x00000000000047cc        0x4 ff
 .text.pow      0x00000000000047d0      0x54c /Applications/MCUXpressoIDE_11.3.0_5222/ide/plugins/com.nxp.mcuxpresso.tools.macosx_11.3.0.202011031536/tools/bin/../lib/gcc/arm-none-eabi/9.3.1/../../../../arm-none-eabi/lib/thumb/v7-m/nofp/libcr_c.a(pow.o)
                0x00000000000047d0                pow
 .text.__vfprintf
                0x0000000000004d1c      0xce0 /Applications/MCUXpressoIDE_11.3.0_5222/ide/plugins/com.nxp.mcuxpresso.tools.macosx_11.3.0.202011031536/tools/bin/../lib/gcc/arm-none-eabi/9.3.1/../../../../arm-none-eabi/lib/thumb/v7-m/nofp/libcr_c.a(printf.o)
                0x0000000000004d1c                __vfprintf
 .text.puts     0x00000000000059fc       0x34 /Applications/MCUXpressoIDE_11.3.0_5222/ide/plugins/com.nxp.mcuxpresso.tools.macosx_11.3.0.202011031536/tools/bin/../lib/gcc/arm-none-eabi/9.3.1/../../../../arm-none-eabi/lib/thumb/v7-m/nofp/libcr_c.a(puts.o)
                0x00000000000059fc                puts
 .text.setvbuf  0x0000000000005a30       0x3e /Applications/MCUXpressoIDE_11.3.0_5222/ide/plugins/com.nxp.mcuxpresso.tools.macosx_11.3.0.202011031536/tools/bin/../lib/gcc/arm-none-eabi/9.3.1/../../../../arm-none-eabi/lib/thumb/v7-m/nofp/libcr_c.a(setvbuf.o)
                0x0000000000005a30                setvbuf
 .text.sin      0x0000000000005a6e       0x34 /Applications/MCUXpressoIDE_11.3.0_5222/ide/plugins/com.nxp.mcuxpresso.tools.macosx_11.3.0.202011031536/tools/bin/../lib/gcc/arm-none-eabi/9.3.1/../../../../arm-none-eabi/lib/thumb/v7-m/nofp/libcr_c.a(sin.o)
                0x0000000000005a6e                sin
 *fill*         0x0000000000005aa2        0x6 ff
 .text.sqrt     0x0000000000005aa8      0x10c /Applications/MCUXpressoIDE_11.3.0_5222/ide/plugins/com.nxp.mcuxpresso.tools.macosx_11.3.0.202011031536/tools/bin/../lib/gcc/arm-none-eabi/9.3.1/../../../../arm-none-eabi/lib/thumb/v7-m/nofp/libcr_c.a(sqrt.o)
                0x0000000000005aa8                sqrt
 .text.abs      0x0000000000005bb4        0x8 /Applications/MCUXpressoIDE_11.3.0_5222/ide/plugins/com.nxp.mcuxpresso.tools.macosx_11.3.0.202011031536/tools/bin/../lib/gcc/arm-none-eabi/9.3.1/../../../../arm-none-eabi/lib/thumb/v7-m/nofp/libcr_c.a(stdlib.o)
                0x0000000000005bb4                abs
 .text.strlen   0x0000000000005bbc       0x4c /Applications/MCUXpressoIDE_11.3.0_5222/ide/plugins/com.nxp.mcuxpresso.tools.macosx_11.3.0.202011031536/tools/bin/../lib/gcc/arm-none-eabi/9.3.1/../../../../arm-none-eabi/lib/thumb/v7-m/nofp/libcr_c.a(strlen.o)
                0x0000000000005bbc                strlen
 .text.memset   0x0000000000005c08        0x4 /Applications/MCUXpressoIDE_11.3.0_5222/ide/plugins/com.nxp.mcuxpresso.tools.macosx_11.3.0.202011031536/tools/bin/../lib/gcc/arm-none-eabi/9.3.1/../../../../arm-none-eabi/lib/thumb/v7-m/nofp/libcr_c.a(memset.o)
                0x0000000000005c08                memset
 .text._sbrk    0x0000000000005c0c       0x3c /Applications/MCUXpressoIDE_11.3.0_5222/ide/plugins/com.nxp.mcuxpresso.tools.macosx_11.3.0.202011031536/tools/bin/../lib/gcc/arm-none-eabi/9.3.1/../../../../arm-none-eabi/lib/thumb/v7-m/nofp/libcr_c.a(_cr_sbrk.o)
                0x0000000000005c0c                _sbrk
 .text._deferredlazyseek
                0x0000000000005c48       0x40 /Applications/MCUXpressoIDE_11.3.0_5222/ide/plugins/com.nxp.mcuxpresso.tools.macosx_11.3.0.202011031536/tools/bin/../lib/gcc/arm-none-eabi/9.3.1/../../../../arm-none-eabi/lib/thumb/v7-m/nofp/libcr_c.a(_deferredlazyseek.o)
                0x0000000000005c48                _deferredlazyseek
 .text.__flsbuf
                0x0000000000005c88      0x140 /Applications/MCUXpressoIDE_11.3.0_5222/ide/plugins/com.nxp.mcuxpresso.tools.macosx_11.3.0.202011031536/tools/bin/../lib/gcc/arm-none-eabi/9.3.1/../../../../arm-none-eabi/lib/thumb/v7-m/nofp/libcr_c.a(_deferredlazyseek.o)
                0x0000000000005c88                __flsbuf
 .text._fdopen  0x0000000000005dc8       0x68 /Applications/MCUXpressoIDE_11.3.0_5222/ide/plugins/com.nxp.mcuxpresso.tools.macosx_11.3.0.202011031536/tools/bin/../lib/gcc/arm-none-eabi/9.3.1/../../../../arm-none-eabi/lib/thumb/v7-m/nofp/libcr_c.a(_fdopen.o)
                0x0000000000005dc8                _fdopen
 .text._fflush  0x0000000000005e30       0x52 /Applications/MCUXpressoIDE_11.3.0_5222/ide/plugins/com.nxp.mcuxpresso.tools.macosx_11.3.0.202011031536/tools/bin/../lib/gcc/arm-none-eabi/9.3.1/../../../../arm-none-eabi/lib/thumb/v7-m/nofp/libcr_c.a(_fflush.o)
                0x0000000000005e30                _fflush
 .text._frexpl  0x0000000000005e82       0x56 /Applications/MCUXpressoIDE_11.3.0_5222/ide/plugins/com.nxp.mcuxpresso.tools.macosx_11.3.0.202011031536/tools/bin/../lib/gcc/arm-none-eabi/9.3.1/../../../../arm-none-eabi/lib/thumb/v7-m/nofp/libcr_c.a(_frexpl.o)
                0x0000000000005e82                _frexpl
 .text._ldexpl  0x0000000000005ed8       0x48 /Applications/MCUXpressoIDE_11.3.0_5222/ide/plugins/com.nxp.mcuxpresso.tools.macosx_11.3.0.202011031536/tools/bin/../lib/gcc/arm-none-eabi/9.3.1/../../../../arm-none-eabi/lib/thumb/v7-m/nofp/libcr_c.a(_ldexpl.o)
                0x0000000000005ed8                _ldexpl
 .text._sincos  0x0000000000005f20      0x1f4 /Applications/MCUXpressoIDE_11.3.0_5222/ide/plugins/com.nxp.mcuxpresso.tools.macosx_11.3.0.202011031536/tools/bin/../lib/gcc/arm-none-eabi/9.3.1/../../../../arm-none-eabi/lib/thumb/v7-m/nofp/libcr_c.a(_sincos.o)
                0x0000000000005f20                _sincos
 .text._Cwritebuf
                0x0000000000006114       0x6c /Applications/MCUXpressoIDE_11.3.0_5222/ide/plugins/com.nxp.mcuxpresso.tools.macosx_11.3.0.202011031536/tools/bin/../lib/gcc/arm-none-eabi/9.3.1/../../../../arm-none-eabi/lib/thumb/v7-m/nofp/libcr_c.a(_writebuf.o)
                0x0000000000006114                _Cwritebuf
 .text.fabs     0x0000000000006180       0x1e /Applications/MCUXpressoIDE_11.3.0_5222/ide/plugins/com.nxp.mcuxpresso.tools.macosx_11.3.0.202011031536/tools/bin/../lib/gcc/arm-none-eabi/9.3.1/../../../../arm-none-eabi/lib/thumb/v7-m/nofp/libcr_c.a(fabs.o)
                0x0000000000006180                fabs
 .text.fclose   0x000000000000619e       0x58 /Applications/MCUXpressoIDE_11.3.0_5222/ide/plugins/com.nxp.mcuxpresso.tools.macosx_11.3.0.202011031536/tools/bin/../lib/gcc/arm-none-eabi/9.3.1/../../../../arm-none-eabi/lib/thumb/v7-m/nofp/libcr_c.a(fclose.o)
                0x000000000000619e                fclose
 *fill*         0x00000000000061f6        0x2 ff
 .text.fflush   0x00000000000061f8       0x44 /Applications/MCUXpressoIDE_11.3.0_5222/ide/plugins/com.nxp.mcuxpresso.tools.macosx_11.3.0.202011031536/tools/bin/../lib/gcc/arm-none-eabi/9.3.1/../../../../arm-none-eabi/lib/thumb/v7-m/nofp/libcr_c.a(fflush.o)
                0x00000000000061f8                fflush
 .text.frexp    0x000000000000623c       0x56 /Applications/MCUXpressoIDE_11.3.0_5222/ide/plugins/com.nxp.mcuxpresso.tools.macosx_11.3.0.202011031536/tools/bin/../lib/gcc/arm-none-eabi/9.3.1/../../../../arm-none-eabi/lib/thumb/v7-m/nofp/libcr_c.a(frexp.o)
                0x000000000000623c                frexp
 *fill*         0x0000000000006292        0x2 ff
 .text.fseek    0x0000000000006294      0x100 /Applications/MCUXpressoIDE_11.3.0_5222/ide/plugins/com.nxp.mcuxpresso.tools.macosx_11.3.0.202011031536/tools/bin/../lib/gcc/arm-none-eabi/9.3.1/../../../../arm-none-eabi/lib/thumb/v7-m/nofp/libcr_c.a(fseek.o)
                0x0000000000006294                fseek
 .text.ftell    0x0000000000006394       0x44 /Applications/MCUXpressoIDE_11.3.0_5222/ide/plugins/com.nxp.mcuxpresso.tools.macosx_11.3.0.202011031536/tools/bin/../lib/gcc/arm-none-eabi/9.3.1/../../../../arm-none-eabi/lib/thumb/v7-m/nofp/libcr_c.a(ftell.o)
                0x0000000000006394                ftell
 .text.ldexp    0x00000000000063d8       0x48 /Applications/MCUXpressoIDE_11.3.0_5222/ide/plugins/com.nxp.mcuxpresso.tools.macosx_11.3.0.202011031536/tools/bin/../lib/gcc/arm-none-eabi/9.3.1/../../../../arm-none-eabi/lib/thumb/v7-m/nofp/libcr_c.a(ldexp.o)
                0x00000000000063d8                ldexp
 .text.remove   0x0000000000006420       0x14 /Applications/MCUXpressoIDE_11.3.0_5222/ide/plugins/com.nxp.mcuxpresso.tools.macosx_11.3.0.202011031536/tools/bin/../lib/gcc/arm-none-eabi/9.3.1/../../../../arm-none-eabi/lib/thumb/v7-m/nofp/libcr_c.a(remove.o)
                0x0000000000006420                remove
 .text.__check_heap_overflow
                0x0000000000006434       0x14 /Applications/MCUXpressoIDE_11.3.0_5222/ide/plugins/com.nxp.mcuxpresso.tools.macosx_11.3.0.202011031536/tools/bin/../lib/gcc/arm-none-eabi/9.3.1/../../../../arm-none-eabi/lib/thumb/v7-m/nofp/libcr_c.a(_cr_check_heap.o)
                0x0000000000006434                __check_heap_overflow
 .text._do_fflush
                0x0000000000006448       0x40 /Applications/MCUXpressoIDE_11.3.0_5222/ide/plugins/com.nxp.mcuxpresso.tools.macosx_11.3.0.202011031536/tools/bin/../lib/gcc/arm-none-eabi/9.3.1/../../../../arm-none-eabi/lib/thumb/v7-m/nofp/libcr_c.a(_do_fflush.o)
                0x0000000000006448                _do_fflush
 .text.__aeabi_dmul
                0x0000000000006488      0x114 /Applications/MCUXpressoIDE_11.3.0_5222/ide/plugins/com.nxp.mcuxpresso.tools.macosx_11.3.0.202011031536/tools/bin/../lib/gcc/arm-none-eabi/9.3.1/thumb/v7-m/nofp/libcr_eabihelpers.a(double.o)
                0x0000000000006488                __aeabi_dmul
 .text.__aeabi_ddiv
                0x000000000000659c      0x144 /Applications/MCUXpressoIDE_11.3.0_5222/ide/plugins/com.nxp.mcuxpresso.tools.macosx_11.3.0.202011031536/tools/bin/../lib/gcc/arm-none-eabi/9.3.1/thumb/v7-m/nofp/libcr_eabihelpers.a(double.o)
                0x000000000000659c                __aeabi_ddiv
 .text.__aeabi_dsub
                0x00000000000066e0      0x1a8 /Applications/MCUXpressoIDE_11.3.0_5222/ide/plugins/com.nxp.mcuxpresso.tools.macosx_11.3.0.202011031536/tools/bin/../lib/gcc/arm-none-eabi/9.3.1/thumb/v7-m/nofp/libcr_eabihelpers.a(double.o)
                0x00000000000066e0                __aeabi_dsub
 .text.__aeabi_dadd
                0x0000000000006888      0x110 /Applications/MCUXpressoIDE_11.3.0_5222/ide/plugins/com.nxp.mcuxpresso.tools.macosx_11.3.0.202011031536/tools/bin/../lib/gcc/arm-none-eabi/9.3.1/thumb/v7-m/nofp/libcr_eabihelpers.a(double.o)
                0x0000000000006888                __aeabi_dadd
 .text.__aeabi_d2f
                0x0000000000006998       0x54 /Applications/MCUXpressoIDE_11.3.0_5222/ide/plugins/com.nxp.mcuxpresso.tools.macosx_11.3.0.202011031536/tools/bin/../lib/gcc/arm-none-eabi/9.3.1/thumb/v7-m/nofp/libcr_eabihelpers.a(double.o)
                0x0000000000006998                __aeabi_d2f
 .text.__aeabi_d2iz
                0x00000000000069ec       0x42 /Applications/MCUXpressoIDE_11.3.0_5222/ide/plugins/com.nxp.mcuxpresso.tools.macosx_11.3.0.202011031536/tools/bin/../lib/gcc/arm-none-eabi/9.3.1/thumb/v7-m/nofp/libcr_eabihelpers.a(double.o)
                0x00000000000069ec                __aeabi_d2iz
 .text.__bhs_ui2d
                0x0000000000006a2e       0x46 /Applications/MCUXpressoIDE_11.3.0_5222/ide/plugins/com.nxp.mcuxpresso.tools.macosx_11.3.0.202011031536/tools/bin/../lib/gcc/arm-none-eabi/9.3.1/thumb/v7-m/nofp/libcr_eabihelpers.a(double.o)
                0x0000000000006a2e                __bhs_ui2d
 .text.__aeabi_i2d
                0x0000000000006a74       0x12 /Applications/MCUXpressoIDE_11.3.0_5222/ide/plugins/com.nxp.mcuxpresso.tools.macosx_11.3.0.202011031536/tools/bin/../lib/gcc/arm-none-eabi/9.3.1/thumb/v7-m/nofp/libcr_eabihelpers.a(double.o)
                0x0000000000006a74                __aeabi_i2d
 .text.__aeabi_dcmpeq
                0x0000000000006a86       0x3c /Applications/MCUXpressoIDE_11.3.0_5222/ide/plugins/com.nxp.mcuxpresso.tools.macosx_11.3.0.202011031536/tools/bin/../lib/gcc/arm-none-eabi/9.3.1/thumb/v7-m/nofp/libcr_eabihelpers.a(double.o)
                0x0000000000006a86                __aeabi_dcmpeq
 .text.__aeabi_dcmplt
                0x0000000000006ac2       0x58 /Applications/MCUXpressoIDE_11.3.0_5222/ide/plugins/com.nxp.mcuxpresso.tools.macosx_11.3.0.202011031536/tools/bin/../lib/gcc/arm-none-eabi/9.3.1/thumb/v7-m/nofp/libcr_eabihelpers.a(double.o)
                0x0000000000006ac2                __aeabi_dcmplt
 .text.__aeabi_dcmpgt
                0x0000000000006b1a       0x58 /Applications/MCUXpressoIDE_11.3.0_5222/ide/plugins/com.nxp.mcuxpresso.tools.macosx_11.3.0.202011031536/tools/bin/../lib/gcc/arm-none-eabi/9.3.1/thumb/v7-m/nofp/libcr_eabihelpers.a(double.o)
                0x0000000000006b1a                __aeabi_dcmpgt
 .text.__aeabi_dcmple
                0x0000000000006b72       0x62 /Applications/MCUXpressoIDE_11.3.0_5222/ide/plugins/com.nxp.mcuxpresso.tools.macosx_11.3.0.202011031536/tools/bin/../lib/gcc/arm-none-eabi/9.3.1/thumb/v7-m/nofp/libcr_eabihelpers.a(double.o)
                0x0000000000006b72                __aeabi_dcmple
 .text.__aeabi_dcmpge
                0x0000000000006bd4       0x68 /Applications/MCUXpressoIDE_11.3.0_5222/ide/plugins/com.nxp.mcuxpresso.tools.macosx_11.3.0.202011031536/tools/bin/../lib/gcc/arm-none-eabi/9.3.1/thumb/v7-m/nofp/libcr_eabihelpers.a(double.o)
                0x0000000000006bd4                __aeabi_dcmpge
 .text.__aeabi_fmul
                0x0000000000006c3c       0xb0 /Applications/MCUXpressoIDE_11.3.0_5222/ide/plugins/com.nxp.mcuxpresso.tools.macosx_11.3.0.202011031536/tools/bin/../lib/gcc/arm-none-eabi/9.3.1/thumb/v7-m/nofp/libcr_eabihelpers.a(float.o)
                0x0000000000006c3c                __aeabi_fmul
 .text.__aeabi_fdiv
                0x0000000000006cec       0xc0 /Applications/MCUXpressoIDE_11.3.0_5222/ide/plugins/com.nxp.mcuxpresso.tools.macosx_11.3.0.202011031536/tools/bin/../lib/gcc/arm-none-eabi/9.3.1/thumb/v7-m/nofp/libcr_eabihelpers.a(float.o)
                0x0000000000006cec                __aeabi_fdiv
 .text.__aeabi_fsub
                0x0000000000006dac       0xe4 /Applications/MCUXpressoIDE_11.3.0_5222/ide/plugins/com.nxp.mcuxpresso.tools.macosx_11.3.0.202011031536/tools/bin/../lib/gcc/arm-none-eabi/9.3.1/thumb/v7-m/nofp/libcr_eabihelpers.a(float.o)
                0x0000000000006dac                __aeabi_fsub
 .text.__aeabi_fadd
                0x0000000000006e90       0xb4 /Applications/MCUXpressoIDE_11.3.0_5222/ide/plugins/com.nxp.mcuxpresso.tools.macosx_11.3.0.202011031536/tools/bin/../lib/gcc/arm-none-eabi/9.3.1/thumb/v7-m/nofp/libcr_eabihelpers.a(float.o)
                0x0000000000006e90                __aeabi_fadd
 .text.__aeabi_f2iz
                0x0000000000006f44       0x34 /Applications/MCUXpressoIDE_11.3.0_5222/ide/plugins/com.nxp.mcuxpresso.tools.macosx_11.3.0.202011031536/tools/bin/../lib/gcc/arm-none-eabi/9.3.1/thumb/v7-m/nofp/libcr_eabihelpers.a(float.o)
                0x0000000000006f44                __aeabi_f2iz
 .text.__aeabi_f2uiz
                0x0000000000006f78       0x28 /Applications/MCUXpressoIDE_11.3.0_5222/ide/plugins/com.nxp.mcuxpresso.tools.macosx_11.3.0.202011031536/tools/bin/../lib/gcc/arm-none-eabi/9.3.1/thumb/v7-m/nofp/libcr_eabihelpers.a(float.o)
                0x0000000000006f78                __aeabi_f2uiz
 .text.__bhs_ui2f
                0x0000000000006fa0       0x26 /Applications/MCUXpressoIDE_11.3.0_5222/ide/plugins/com.nxp.mcuxpresso.tools.macosx_11.3.0.202011031536/tools/bin/../lib/gcc/arm-none-eabi/9.3.1/thumb/v7-m/nofp/libcr_eabihelpers.a(float.o)
                0x0000000000006fa0                __bhs_ui2f
 .text.__aeabi_i2f
                0x0000000000006fc6       0x12 /Applications/MCUXpressoIDE_11.3.0_5222/ide/plugins/com.nxp.mcuxpresso.tools.macosx_11.3.0.202011031536/tools/bin/../lib/gcc/arm-none-eabi/9.3.1/thumb/v7-m/nofp/libcr_eabihelpers.a(float.o)
                0x0000000000006fc6                __aeabi_i2f
 .text.__aeabi_f2d
                0x0000000000006fd8       0x38 /Applications/MCUXpressoIDE_11.3.0_5222/ide/plugins/com.nxp.mcuxpresso.tools.macosx_11.3.0.202011031536/tools/bin/../lib/gcc/arm-none-eabi/9.3.1/thumb/v7-m/nofp/libcr_eabihelpers.a(float.o)
                0x0000000000006fd8                __aeabi_f2d
 .text.__aeabi_fcmpgt
                0x0000000000007010       0x3a /Applications/MCUXpressoIDE_11.3.0_5222/ide/plugins/com.nxp.mcuxpresso.tools.macosx_11.3.0.202011031536/tools/bin/../lib/gcc/arm-none-eabi/9.3.1/thumb/v7-m/nofp/libcr_eabihelpers.a(float.o)
                0x0000000000007010                __aeabi_fcmpgt
 .text.__aeabi_memset_lowlevel
                0x000000000000704a       0x32 /Applications/MCUXpressoIDE_11.3.0_5222/ide/plugins/com.nxp.mcuxpresso.tools.macosx_11.3.0.202011031536/tools/bin/../lib/gcc/arm-none-eabi/9.3.1/thumb/v7-m/nofp/libcr_eabihelpers.a(memcpy.o)
                0x000000000000704a                __aeabi_lowlevel_memset
 .text.__sys_appexit
                0x000000000000707c        0xc /Applications/MCUXpressoIDE_11.3.0_5222/ide/plugins/com.nxp.mcuxpresso.tools.macosx_11.3.0.202011031536/tools/bin/../lib/gcc/arm-none-eabi/9.3.1/../../../../arm-none-eabi/lib/thumb/v7-m/nofp/libcr_semihost.a(__sys_appexit.o)
                0x000000000000707c                __exit
                0x000000000000707c                __sys_appexit
 .text.__sys_close
                0x0000000000007088        0xc /Applications/MCUXpressoIDE_11.3.0_5222/ide/plugins/com.nxp.mcuxpresso.tools.macosx_11.3.0.202011031536/tools/bin/../lib/gcc/arm-none-eabi/9.3.1/../../../../arm-none-eabi/lib/thumb/v7-m/nofp/libcr_semihost.a(__sys_close.o)
                0x0000000000007088                __sys_close
 .text.__sys_flen
                0x0000000000007094        0xc /Applications/MCUXpressoIDE_11.3.0_5222/ide/plugins/com.nxp.mcuxpresso.tools.macosx_11.3.0.202011031536/tools/bin/../lib/gcc/arm-none-eabi/9.3.1/../../../../arm-none-eabi/lib/thumb/v7-m/nofp/libcr_semihost.a(__sys_flen.o)
                0x0000000000007094                __sys_flen
 .text.__sys_istty
                0x00000000000070a0        0xc /Applications/MCUXpressoIDE_11.3.0_5222/ide/plugins/com.nxp.mcuxpresso.tools.macosx_11.3.0.202011031536/tools/bin/../lib/gcc/arm-none-eabi/9.3.1/../../../../arm-none-eabi/lib/thumb/v7-m/nofp/libcr_semihost.a(__sys_istty.o)
                0x00000000000070a0                __sys_istty
 .text.__sys_remove
                0x00000000000070ac        0xc /Applications/MCUXpressoIDE_11.3.0_5222/ide/plugins/com.nxp.mcuxpresso.tools.macosx_11.3.0.202011031536/tools/bin/../lib/gcc/arm-none-eabi/9.3.1/../../../../arm-none-eabi/lib/thumb/v7-m/nofp/libcr_semihost.a(__sys_remove.o)
                0x00000000000070ac                __sys_remove
 .text.__sys_seek
                0x00000000000070b8        0xc /Applications/MCUXpressoIDE_11.3.0_5222/ide/plugins/com.nxp.mcuxpresso.tools.macosx_11.3.0.202011031536/tools/bin/../lib/gcc/arm-none-eabi/9.3.1/../../../../arm-none-eabi/lib/thumb/v7-m/nofp/libcr_semihost.a(__sys_seek.o)
                0x00000000000070b8                __sys_seek
 .text.__sys_tmpnam
                0x00000000000070c4        0xc /Applications/MCUXpressoIDE_11.3.0_5222/ide/plugins/com.nxp.mcuxpresso.tools.macosx_11.3.0.202011031536/tools/bin/../lib/gcc/arm-none-eabi/9.3.1/../../../../arm-none-eabi/lib/thumb/v7-m/nofp/libcr_semihost.a(__sys_tmpnam.o)
                0x00000000000070c4                __sys_tmpnam
 .text.__sys_write
                0x00000000000070d0        0xc /Applications/MCUXpressoIDE_11.3.0_5222/ide/plugins/com.nxp.mcuxpresso.tools.macosx_11.3.0.202011031536/tools/bin/../lib/gcc/arm-none-eabi/9.3.1/../../../../arm-none-eabi/lib/thumb/v7-m/nofp/libcr_semihost.a(__sys_write.o)
                0x00000000000070d0                __sys_write
 *(.rodata .rodata.* .constdata .constdata.*)
 .rodata.printPoint3D.str1.4
                0x00000000000070dc        0xf ./src/Divya_Lab3D_CMPE240.o
 *fill*         0x00000000000070eb        0x1 ff
 .rodata.lcd_init.str1.4
                0x00000000000070ec       0x14 ./src/drawLine.o
 .rodata.PORT_NUM
                0x0000000000007100        0x4 ./src/globals.o
                0x0000000000007100                PORT_NUM
 .rodata.ST7735_TFTWIDTH
                0x0000000000007104        0x4 ./src/globals.o
                0x0000000000007104                ST7735_TFTWIDTH
 .rodata.ST7735_TFTHEIGHT
                0x0000000000007108        0x4 ./src/globals.o
                0x0000000000007108                ST7735_TFTHEIGHT
 .rodata.FOCAL_LENGTH_D
                0x000000000000710c        0x4 ./src/globals.o
                0x000000000000710c                FOCAL_LENGTH_D
 .rodata.VIRTUAL_CAMERA
                0x0000000000007110        0xc ./src/globals.o
                0x0000000000007110                VIRTUAL_CAMERA
 .rodata.POINT_LIGHT_SOURCE
                0x000000000000711c        0xc ./src/globals.o
                0x000000000000711c                POINT_LIGHT_SOURCE
 .rodata.SCALING_FACTOR
                0x0000000000007128        0x4 ./src/globals.o
                0x0000000000007128                SCALING_FACTOR
 .rodata.OFFSET
                0x000000000000712c        0x4 ./src/globals.o
                0x000000000000712c                OFFSET
 .rodata.REFLECTIVITY_R
                0x0000000000007130        0xc ./src/globals.o
                0x0000000000007130                REFLECTIVITY_R
 .rodata.REFLECTIVITY_G
                0x000000000000713c        0xc ./src/globals.o
                0x000000000000713c                REFLECTIVITY_G
 .rodata.REFLECTIVITY_B
                0x0000000000007148        0xc ./src/globals.o
                0x0000000000007148                REFLECTIVITY_B
 .rodata.main.str1.4
                0x0000000000007154       0x1b ./src/main.o
 .rodata._Csys_alloc.str1.1
                0x000000000000716f       0x18 /Applications/MCUXpressoIDE_11.3.0_5222/ide/plugins/com.nxp.mcuxpresso.tools.macosx_11.3.0.202011031536/tools/bin/../lib/gcc/arm-none-eabi/9.3.1/../../../../arm-none-eabi/lib/thumb/v7-m/nofp/libcr_c.a(alloc.o)
 .rodata.fp_display.str1.1
                0x0000000000007187       0x34 /Applications/MCUXpressoIDE_11.3.0_5222/ide/plugins/com.nxp.mcuxpresso.tools.macosx_11.3.0.202011031536/tools/bin/../lib/gcc/arm-none-eabi/9.3.1/../../../../arm-none-eabi/lib/thumb/v7-m/nofp/libcr_c.a(fpprintf.o)
                                         0x35 (size before relaxing)
 .rodata._initio.str1.1
                0x00000000000071bb        0x4 /Applications/MCUXpressoIDE_11.3.0_5222/ide/plugins/com.nxp.mcuxpresso.tools.macosx_11.3.0.202011031536/tools/bin/../lib/gcc/arm-none-eabi/9.3.1/../../../../arm-none-eabi/lib/thumb/v7-m/nofp/libcr_c.a(initio.o)
 *fill*         0x00000000000071bf        0x1 ff
 .rodata.a1.3959
                0x00000000000071c0       0x88 /Applications/MCUXpressoIDE_11.3.0_5222/ide/plugins/com.nxp.mcuxpresso.tools.macosx_11.3.0.202011031536/tools/bin/../lib/gcc/arm-none-eabi/9.3.1/../../../../arm-none-eabi/lib/thumb/v7-m/nofp/libcr_c.a(pow.o)
 .rodata.a2.3960
                0x0000000000007248       0x40 /Applications/MCUXpressoIDE_11.3.0_5222/ide/plugins/com.nxp.mcuxpresso.tools.macosx_11.3.0.202011031536/tools/bin/../lib/gcc/arm-none-eabi/9.3.1/../../../../arm-none-eabi/lib/thumb/v7-m/nofp/libcr_c.a(pow.o)
 .rodata.__vfprintf.str1.1
                0x0000000000007288       0x31 /Applications/MCUXpressoIDE_11.3.0_5222/ide/plugins/com.nxp.mcuxpresso.tools.macosx_11.3.0.202011031536/tools/bin/../lib/gcc/arm-none-eabi/9.3.1/../../../../arm-none-eabi/lib/thumb/v7-m/nofp/libcr_c.a(printf.o)
                                         0x38 (size before relaxing)
 .rodata.puts.str1.1
                0x00000000000072b9       0x31 /Applications/MCUXpressoIDE_11.3.0_5222/ide/plugins/com.nxp.mcuxpresso.tools.macosx_11.3.0.202011031536/tools/bin/../lib/gcc/arm-none-eabi/9.3.1/../../../../arm-none-eabi/lib/thumb/v7-m/nofp/libcr_c.a(puts.o)
                                          0x2 (size before relaxing)
 *fill*         0x00000000000072b9        0x3 ff
 .rodata.__num_Ciob_streams
                0x00000000000072bc        0x4 /Applications/MCUXpressoIDE_11.3.0_5222/ide/plugins/com.nxp.mcuxpresso.tools.macosx_11.3.0.202011031536/tools/bin/../lib/gcc/arm-none-eabi/9.3.1/../../../../arm-none-eabi/lib/thumb/v7-m/nofp/libcr_semihost.a(__ciob.o)
                0x00000000000072bc                __num_Ciob_streams
                0x00000000000072c0                . = ALIGN (0x4)

.glue_7         0x00000000000072c0        0x0
 .glue_7        0x00000000000072c0        0x0 linker stubs

.glue_7t        0x00000000000072c0        0x0
 .glue_7t       0x00000000000072c0        0x0 linker stubs

.vfp11_veneer   0x00000000000072c0        0x0
 .vfp11_veneer  0x00000000000072c0        0x0 linker stubs

.v4_bx          0x00000000000072c0        0x0
 .v4_bx         0x00000000000072c0        0x0 linker stubs

.iplt           0x00000000000072c0        0x0
 .iplt          0x00000000000072c0        0x0 ./src/DecorationShapes.o

.rel.dyn        0x00000000000072c0        0x0
 .rel.iplt      0x00000000000072c0        0x0 ./src/DecorationShapes.o

.ARM.extab
 *(.ARM.extab* .gnu.linkonce.armextab.*)

.ARM.exidx      0x00000000000072c0        0x0
                0x00000000000072c0                __exidx_start = .
 *(.ARM.exidx* .gnu.linkonce.armexidx.*)
                0x00000000000072c0                __exidx_end = .
                0x00000000000072c0                _etext = .

.data_RAM2      0x000000002007c000        0x0 load address 0x00000000000072c0
 FILL mask 0xff
                [!provide]                        PROVIDE (__start_data_RAM2 = .)
                [!provide]                        PROVIDE (__start_data_RamAHB32 = .)
 *(.ramfunc.$RAM2)
 *(.ramfunc.$RamAHB32)
 *(.data.$RAM2)
 *(.data.$RamAHB32)
 *(.data.$RAM2.*)
 *(.data.$RamAHB32.*)
                0x000000002007c000                . = ALIGN (0x4)
                [!provide]                        PROVIDE (__end_data_RAM2 = .)
                [!provide]                        PROVIDE (__end_data_RamAHB32 = .)

.uninit_RESERVED
                0x0000000010000000        0x0
                0x0000000010000000                _start_uninit_RESERVED = .
 *(.bss.$RESERVED*)
                0x0000000010000000                . = ALIGN (0x4)
                0x0000000010000000                _end_uninit_RESERVED = .

.data           0x0000000010000000        0x0 load address 0x00000000000072c0
 FILL mask 0xff
                0x0000000010000000                _data = .
                [!provide]                        PROVIDE (__start_data_RAM = .)
                [!provide]                        PROVIDE (__start_data_RamLoc32 = .)
 *(vtable)
 *(.ramfunc*)
 *(CodeQuickAccess)
 *(DataQuickAccess)
 *(RamFunction)
 *(.data*)
                0x0000000010000000                . = ALIGN (0x4)
                0x0000000010000000                _edata = .
                [!provide]                        PROVIDE (__end_data_RAM = .)
                [!provide]                        PROVIDE (__end_data_RamLoc32 = .)

.igot.plt       0x0000000010000000        0x0 load address 0x00000000000072c0
 .igot.plt      0x0000000010000000        0x0 ./src/DecorationShapes.o

.bss_RAM2       0x000000002007c000        0x0
                [!provide]                        PROVIDE (__start_bss_RAM2 = .)
                [!provide]                        PROVIDE (__start_bss_RamAHB32 = .)
 *(.bss.$RAM2)
 *(.bss.$RamAHB32)
 *(.bss.$RAM2.*)
 *(.bss.$RamAHB32.*)
                0x000000002007c000                . = ALIGN ((. != 0x0)?0x4:0x1)
                [!provide]                        PROVIDE (__end_bss_RAM2 = .)
                [!provide]                        PROVIDE (__end_bss_RamAHB32 = .)

.bss            0x0000000010000000      0x224
                0x0000000010000000                _bss = .
                [!provide]                        PROVIDE (__start_bss_RAM = .)
                [!provide]                        PROVIDE (__start_bss_RamLoc32 = .)
 *(.bss*)
 .bss.src_addr  0x0000000010000000       0x10 ./src/drawLine.o
                0x0000000010000000                src_addr
 .bss.dest_addr
                0x0000000010000010       0x10 ./src/drawLine.o
                0x0000000010000010                dest_addr
 .bss.interrupt0RxStat
                0x0000000010000020        0x4 ./src/ssp.o
                0x0000000010000020                interrupt0RxStat
 .bss.interrupt0OverRunStat
                0x0000000010000024        0x4 ./src/ssp.o
                0x0000000010000024                interrupt0OverRunStat
 .bss.interrupt0RxTimeoutStat
                0x0000000010000028        0x4 ./src/ssp.o
                0x0000000010000028                interrupt0RxTimeoutStat
 .bss.interrupt1RxStat
                0x000000001000002c        0x4 ./src/ssp.o
                0x000000001000002c                interrupt1RxStat
 .bss.interrupt1OverRunStat
                0x0000000010000030        0x4 ./src/ssp.o
                0x0000000010000030                interrupt1OverRunStat
 .bss.interrupt1RxTimeoutStat
                0x0000000010000034        0x4 ./src/ssp.o
                0x0000000010000034                interrupt1RxTimeoutStat
 .bss.__end_of_heap
                0x0000000010000038        0x4 /Applications/MCUXpressoIDE_11.3.0_5222/ide/plugins/com.nxp.mcuxpresso.tools.macosx_11.3.0.202011031536/tools/bin/../lib/gcc/arm-none-eabi/9.3.1/../../../../arm-none-eabi/lib/thumb/v7-m/nofp/libcr_c.a(__init_alloc.o)
                0x0000000010000038                __end_of_heap
 .bss.__heaps   0x000000001000003c        0x4 /Applications/MCUXpressoIDE_11.3.0_5222/ide/plugins/com.nxp.mcuxpresso.tools.macosx_11.3.0.202011031536/tools/bin/../lib/gcc/arm-none-eabi/9.3.1/../../../../arm-none-eabi/lib/thumb/v7-m/nofp/libcr_c.a(__init_alloc.o)
                0x000000001000003c                __heaps
 .bss.errno     0x0000000010000040        0x4 /Applications/MCUXpressoIDE_11.3.0_5222/ide/plugins/com.nxp.mcuxpresso.tools.macosx_11.3.0.202011031536/tools/bin/../lib/gcc/arm-none-eabi/9.3.1/../../../../arm-none-eabi/lib/thumb/v7-m/nofp/libcr_c.a(errno.o)
                0x0000000010000040                errno
 .bss.__Ciob    0x0000000010000044      0x1e0 /Applications/MCUXpressoIDE_11.3.0_5222/ide/plugins/com.nxp.mcuxpresso.tools.macosx_11.3.0.202011031536/tools/bin/../lib/gcc/arm-none-eabi/9.3.1/../../../../arm-none-eabi/lib/thumb/v7-m/nofp/libcr_semihost.a(__ciob.o)
                0x0000000010000044                __Ciob
 *(COMMON)
                0x0000000010000224                . = ALIGN (0x4)
                0x0000000010000224                _ebss = .
                [!provide]                        PROVIDE (__end_bss_RAM = .)
                [!provide]                        PROVIDE (__end_bss_RamLoc32 = .)
                [!provide]                        PROVIDE (end = .)

.noinit_RAM2    0x000000002007c000        0x0
                [!provide]                        PROVIDE (__start_noinit_RAM2 = .)
                [!provide]                        PROVIDE (__start_noinit_RamAHB32 = .)
 *(.noinit.$RAM2)
 *(.noinit.$RamAHB32)
 *(.noinit.$RAM2.*)
 *(.noinit.$RamAHB32.*)
                0x000000002007c000                . = ALIGN (0x4)
                [!provide]                        PROVIDE (__end_noinit_RAM2 = .)
                [!provide]                        PROVIDE (__end_noinit_RamAHB32 = .)

.noinit         0x0000000010000224        0x0
                0x0000000010000224                _noinit = .
                [!provide]                        PROVIDE (__start_noinit_RAM = .)
                [!provide]                        PROVIDE (__start_noinit_RamLoc32 = .)
 *(.noinit*)
                0x0000000010000224                . = ALIGN (0x4)
                0x0000000010000224                _end_noinit = .
                [!provide]                        PROVIDE (__end_noinit_RAM = .)
                [!provide]                        PROVIDE (__end_noinit_RamLoc32 = .)
                0x0000000010000224                PROVIDE (_pvHeapStart = DEFINED (__user_heap_base)?__user_heap_base:.)
                0x0000000010008000                PROVIDE (_vStackTop = DEFINED (__user_stack_top)?__user_stack_top:(__top_RamLoc32 - 0x0))
                0xffffffffefff74c6                PROVIDE (__valid_user_code_checksum = (0x0 - ((((((_vStackTop + (ResetISR + 0x1)) + (NMI_Handler + 0x1)) + (HardFault_Handler + 0x1)) + (DEFINED (MemManage_Handler)?MemManage_Handler:0x0 + 0x1)) + (DEFINED (BusFault_Handler)?BusFault_Handler:0x0 + 0x1)) + (DEFINED (UsageFault_Handler)?UsageFault_Handler:0x0 + 0x1))))
                0x0000000000000000                _image_start = LOADADDR (.text)
                0x00000000000072c0                _image_end = (LOADADDR (.data) + SIZEOF (.data))
                0x00000000000072c0                _image_size = (_image_end - _image_start)
OUTPUT(Divya_Lab3D_CMPE240.axf elf32-littlearm)
LOAD linker stubs

.debug_info     0x0000000000000000     0x4022
 .debug_info    0x0000000000000000      0x960 ./src/DecorationShapes.o
 .debug_info    0x0000000000000960     0x1373 ./src/Divya_Lab3D_CMPE240.o
 .debug_info    0x0000000000001cd3      0x272 ./src/cr_startup_lpc175x_6x.o
 .debug_info    0x0000000000001f45       0x40 ./src/crp.o
 .debug_info    0x0000000000001f85      0x899 ./src/drawLine.o
 .debug_info    0x000000000000281e      0x1ea ./src/globals.o
 .debug_info    0x0000000000002a08      0x56c ./src/main.o
 .debug_info    0x0000000000002f74      0xd31 ./src/ssp.o
 .debug_info    0x0000000000003ca5      0x37d /Users/divya/Documents/MCUXpressoIDE_11.3.0/workspace/CMSIS_CORE_LPC17xx/Debug/libCMSIS_CORE_LPC17xx.a(system_LPC17xx.o)

.debug_abbrev   0x0000000000000000      0xce2
 .debug_abbrev  0x0000000000000000      0x1a4 ./src/DecorationShapes.o
 .debug_abbrev  0x00000000000001a4      0x28b ./src/Divya_Lab3D_CMPE240.o
 .debug_abbrev  0x000000000000042f      0x117 ./src/cr_startup_lpc175x_6x.o
 .debug_abbrev  0x0000000000000546       0x38 ./src/crp.o
 .debug_abbrev  0x000000000000057e      0x1c8 ./src/drawLine.o
 .debug_abbrev  0x0000000000000746       0x81 ./src/globals.o
 .debug_abbrev  0x00000000000007c7      0x134 ./src/main.o
 .debug_abbrev  0x00000000000008fb      0x2cb ./src/ssp.o
 .debug_abbrev  0x0000000000000bc6      0x11c /Users/divya/Documents/MCUXpressoIDE_11.3.0/workspace/CMSIS_CORE_LPC17xx/Debug/libCMSIS_CORE_LPC17xx.a(system_LPC17xx.o)

.debug_aranges  0x0000000000000000      0x360
 .debug_aranges
                0x0000000000000000       0x78 ./src/DecorationShapes.o
 .debug_aranges
                0x0000000000000078      0x120 ./src/Divya_Lab3D_CMPE240.o
 .debug_aranges
                0x0000000000000198       0x80 ./src/cr_startup_lpc175x_6x.o
 .debug_aranges
                0x0000000000000218       0x18 ./src/crp.o
 .debug_aranges
                0x0000000000000230       0x70 ./src/drawLine.o
 .debug_aranges
                0x00000000000002a0       0x18 ./src/globals.o
 .debug_aranges
                0x00000000000002b8       0x20 ./src/main.o
 .debug_aranges
                0x00000000000002d8       0x60 ./src/ssp.o
 .debug_aranges
                0x0000000000000338       0x28 /Users/divya/Documents/MCUXpressoIDE_11.3.0/workspace/CMSIS_CORE_LPC17xx/Debug/libCMSIS_CORE_LPC17xx.a(system_LPC17xx.o)

.debug_ranges   0x0000000000000000      0x2c0
 .debug_ranges  0x0000000000000000       0x68 ./src/DecorationShapes.o
 .debug_ranges  0x0000000000000068      0x110 ./src/Divya_Lab3D_CMPE240.o
 .debug_ranges  0x0000000000000178       0x70 ./src/cr_startup_lpc175x_6x.o
 .debug_ranges  0x00000000000001e8       0x60 ./src/drawLine.o
 .debug_ranges  0x0000000000000248       0x10 ./src/main.o
 .debug_ranges  0x0000000000000258       0x50 ./src/ssp.o
 .debug_ranges  0x00000000000002a8       0x18 /Users/divya/Documents/MCUXpressoIDE_11.3.0/workspace/CMSIS_CORE_LPC17xx/Debug/libCMSIS_CORE_LPC17xx.a(system_LPC17xx.o)

.debug_macro    0x0000000000000000     0x354f
 .debug_macro   0x0000000000000000      0x10d ./src/DecorationShapes.o
 .debug_macro   0x000000000000010d      0xaae ./src/DecorationShapes.o
 .debug_macro   0x0000000000000bbb       0x70 ./src/DecorationShapes.o
 .debug_macro   0x0000000000000c2b       0x1c ./src/DecorationShapes.o
 .debug_macro   0x0000000000000c47       0x3a ./src/DecorationShapes.o
 .debug_macro   0x0000000000000c81       0x10 ./src/DecorationShapes.o
 .debug_macro   0x0000000000000c91      0x12e ./src/DecorationShapes.o
 .debug_macro   0x0000000000000dbf      0x5b3 ./src/DecorationShapes.o
 .debug_macro   0x0000000000001372       0x2d ./src/DecorationShapes.o
 .debug_macro   0x000000000000139f      0xbb1 ./src/DecorationShapes.o
 .debug_macro   0x0000000000001f50      0x2c7 ./src/DecorationShapes.o
 .debug_macro   0x0000000000002217       0x82 ./src/DecorationShapes.o
 .debug_macro   0x0000000000002299       0x34 ./src/DecorationShapes.o
 .debug_macro   0x00000000000022cd      0x118 ./src/DecorationShapes.o
 .debug_macro   0x00000000000023e5       0x28 ./src/DecorationShapes.o
 .debug_macro   0x000000000000240d       0x9a ./src/DecorationShapes.o
 .debug_macro   0x00000000000024a7       0xc4 ./src/DecorationShapes.o
 .debug_macro   0x000000000000256b      0x10b ./src/Divya_Lab3D_CMPE240.o
 .debug_macro   0x0000000000002676       0x1d ./src/cr_startup_lpc175x_6x.o
 .debug_macro   0x0000000000002693       0x1a ./src/crp.o
 .debug_macro   0x00000000000026ad      0x116 ./src/drawLine.o
 .debug_macro   0x00000000000027c3       0x25 ./src/globals.o
 .debug_macro   0x00000000000027e8      0x10b ./src/main.o
 .debug_macro   0x00000000000028f3       0x81 ./src/ssp.o
 .debug_macro   0x0000000000002974      0x12d /Users/divya/Documents/MCUXpressoIDE_11.3.0/workspace/CMSIS_CORE_LPC17xx/Debug/libCMSIS_CORE_LPC17xx.a(system_LPC17xx.o)
 .debug_macro   0x0000000000002aa1      0xaae /Users/divya/Documents/MCUXpressoIDE_11.3.0/workspace/CMSIS_CORE_LPC17xx/Debug/libCMSIS_CORE_LPC17xx.a(system_LPC17xx.o)

.debug_line     0x0000000000000000     0x3140
 .debug_line    0x0000000000000000      0x735 ./src/DecorationShapes.o
 .debug_line    0x0000000000000735     0x1263 ./src/Divya_Lab3D_CMPE240.o
 .debug_line    0x0000000000001998      0x160 ./src/cr_startup_lpc175x_6x.o
 .debug_line    0x0000000000001af8       0xb9 ./src/crp.o
 .debug_line    0x0000000000001bb1      0x5c4 ./src/drawLine.o
 .debug_line    0x0000000000002175       0x4e ./src/globals.o
 .debug_line    0x00000000000021c3      0x5a9 ./src/main.o
 .debug_line    0x000000000000276c      0x54e ./src/ssp.o
 .debug_line    0x0000000000002cba      0x486 /Users/divya/Documents/MCUXpressoIDE_11.3.0/workspace/CMSIS_CORE_LPC17xx/Debug/libCMSIS_CORE_LPC17xx.a(system_LPC17xx.o)

.debug_str      0x0000000000000000     0xc80e
 .debug_str     0x0000000000000000     0xb2d3 ./src/DecorationShapes.o
                                       0xb385 (size before relaxing)
 .debug_str     0x000000000000b2d3      0x5ff ./src/Divya_Lab3D_CMPE240.o
                                       0xb79d (size before relaxing)
 .debug_str     0x000000000000b8d2      0x1d6 ./src/cr_startup_lpc175x_6x.o
                                       0x2fc1 (size before relaxing)
 .debug_str     0x000000000000baa8       0x16 ./src/crp.o
                                       0x2ece (size before relaxing)
 .debug_str     0x000000000000babe      0x2c5 ./src/drawLine.o
                                       0xb1f1 (size before relaxing)
 .debug_str     0x000000000000bd83       0x11 ./src/globals.o
                                       0x2ece (size before relaxing)
 .debug_str     0x000000000000bd94       0xba ./src/main.o
                                       0xb1f9 (size before relaxing)
 .debug_str     0x000000000000be4e      0x5bb ./src/ssp.o
                                       0xa853 (size before relaxing)
 .debug_str     0x000000000000c409      0x405 /Users/divya/Documents/MCUXpressoIDE_11.3.0/workspace/CMSIS_CORE_LPC17xx/Debug/libCMSIS_CORE_LPC17xx.a(system_LPC17xx.o)
                                       0xa229 (size before relaxing)

.comment        0x0000000000000000       0x4c
 .comment       0x0000000000000000       0x4c ./src/DecorationShapes.o
                                         0x4d (size before relaxing)
 .comment       0x000000000000004c       0x4d ./src/Divya_Lab3D_CMPE240.o
 .comment       0x000000000000004c       0x4d ./src/cr_startup_lpc175x_6x.o
 .comment       0x000000000000004c       0x4d ./src/crp.o
 .comment       0x000000000000004c       0x4d ./src/drawLine.o
 .comment       0x000000000000004c       0x4d ./src/globals.o
 .comment       0x000000000000004c       0x4d ./src/main.o
 .comment       0x000000000000004c       0x4d ./src/ssp.o
 .comment       0x000000000000004c       0x4d /Users/divya/Documents/MCUXpressoIDE_11.3.0/workspace/CMSIS_CORE_LPC17xx/Debug/libCMSIS_CORE_LPC17xx.a(system_LPC17xx.o)
 .comment       0x000000000000004c       0x4d /Applications/MCUXpressoIDE_11.3.0_5222/ide/plugins/com.nxp.mcuxpresso.tools.macosx_11.3.0.202011031536/tools/bin/../lib/gcc/arm-none-eabi/9.3.1/../../../../arm-none-eabi/lib/thumb/v7-m/nofp/libcr_semihost.a(_cr__main.o)
 .comment       0x000000000000004c       0x4d /Applications/MCUXpressoIDE_11.3.0_5222/ide/plugins/com.nxp.mcuxpresso.tools.macosx_11.3.0.202011031536/tools/bin/../lib/gcc/arm-none-eabi/9.3.1/../../../../arm-none-eabi/lib/thumb/v7-m/nofp/libcr_c.a(alloc.o)
 .comment       0x000000000000004c       0x4d /Applications/MCUXpressoIDE_11.3.0_5222/ide/plugins/com.nxp.mcuxpresso.tools.macosx_11.3.0.202011031536/tools/bin/../lib/gcc/arm-none-eabi/9.3.1/../../../../arm-none-eabi/lib/thumb/v7-m/nofp/libcr_c.a(cos.o)
 .comment       0x000000000000004c       0x4d /Applications/MCUXpressoIDE_11.3.0_5222/ide/plugins/com.nxp.mcuxpresso.tools.macosx_11.3.0.202011031536/tools/bin/../lib/gcc/arm-none-eabi/9.3.1/../../../../arm-none-eabi/lib/thumb/v7-m/nofp/libcr_c.a(floor.o)
 .comment       0x000000000000004c       0x4d /Applications/MCUXpressoIDE_11.3.0_5222/ide/plugins/com.nxp.mcuxpresso.tools.macosx_11.3.0.202011031536/tools/bin/../lib/gcc/arm-none-eabi/9.3.1/../../../../arm-none-eabi/lib/thumb/v7-m/nofp/libcr_c.a(fpprintf.o)
 .comment       0x000000000000004c       0x4d /Applications/MCUXpressoIDE_11.3.0_5222/ide/plugins/com.nxp.mcuxpresso.tools.macosx_11.3.0.202011031536/tools/bin/../lib/gcc/arm-none-eabi/9.3.1/../../../../arm-none-eabi/lib/thumb/v7-m/nofp/libcr_c.a(initio.o)
 .comment       0x000000000000004c       0x4d /Applications/MCUXpressoIDE_11.3.0_5222/ide/plugins/com.nxp.mcuxpresso.tools.macosx_11.3.0.202011031536/tools/bin/../lib/gcc/arm-none-eabi/9.3.1/../../../../arm-none-eabi/lib/thumb/v7-m/nofp/libcr_c.a(pow.o)
 .comment       0x000000000000004c       0x4d /Applications/MCUXpressoIDE_11.3.0_5222/ide/plugins/com.nxp.mcuxpresso.tools.macosx_11.3.0.202011031536/tools/bin/../lib/gcc/arm-none-eabi/9.3.1/../../../../arm-none-eabi/lib/thumb/v7-m/nofp/libcr_c.a(printf.o)
 .comment       0x000000000000004c       0x4d /Applications/MCUXpressoIDE_11.3.0_5222/ide/plugins/com.nxp.mcuxpresso.tools.macosx_11.3.0.202011031536/tools/bin/../lib/gcc/arm-none-eabi/9.3.1/../../../../arm-none-eabi/lib/thumb/v7-m/nofp/libcr_c.a(puts.o)
 .comment       0x000000000000004c       0x4d /Applications/MCUXpressoIDE_11.3.0_5222/ide/plugins/com.nxp.mcuxpresso.tools.macosx_11.3.0.202011031536/tools/bin/../lib/gcc/arm-none-eabi/9.3.1/../../../../arm-none-eabi/lib/thumb/v7-m/nofp/libcr_c.a(setvbuf.o)
 .comment       0x000000000000004c       0x4d /Applications/MCUXpressoIDE_11.3.0_5222/ide/plugins/com.nxp.mcuxpresso.tools.macosx_11.3.0.202011031536/tools/bin/../lib/gcc/arm-none-eabi/9.3.1/../../../../arm-none-eabi/lib/thumb/v7-m/nofp/libcr_c.a(sin.o)
 .comment       0x000000000000004c       0x4d /Applications/MCUXpressoIDE_11.3.0_5222/ide/plugins/com.nxp.mcuxpresso.tools.macosx_11.3.0.202011031536/tools/bin/../lib/gcc/arm-none-eabi/9.3.1/../../../../arm-none-eabi/lib/thumb/v7-m/nofp/libcr_c.a(sqrt.o)
 .comment       0x000000000000004c       0x4d /Applications/MCUXpressoIDE_11.3.0_5222/ide/plugins/com.nxp.mcuxpresso.tools.macosx_11.3.0.202011031536/tools/bin/../lib/gcc/arm-none-eabi/9.3.1/../../../../arm-none-eabi/lib/thumb/v7-m/nofp/libcr_c.a(stdlib.o)
 .comment       0x000000000000004c       0x4d /Applications/MCUXpressoIDE_11.3.0_5222/ide/plugins/com.nxp.mcuxpresso.tools.macosx_11.3.0.202011031536/tools/bin/../lib/gcc/arm-none-eabi/9.3.1/../../../../arm-none-eabi/lib/thumb/v7-m/nofp/libcr_c.a(strlen.o)
 .comment       0x000000000000004c       0x4d /Applications/MCUXpressoIDE_11.3.0_5222/ide/plugins/com.nxp.mcuxpresso.tools.macosx_11.3.0.202011031536/tools/bin/../lib/gcc/arm-none-eabi/9.3.1/../../../../arm-none-eabi/lib/thumb/v7-m/nofp/libcr_c.a(memset.o)
 .comment       0x000000000000004c       0x4d /Applications/MCUXpressoIDE_11.3.0_5222/ide/plugins/com.nxp.mcuxpresso.tools.macosx_11.3.0.202011031536/tools/bin/../lib/gcc/arm-none-eabi/9.3.1/../../../../arm-none-eabi/lib/thumb/v7-m/nofp/libcr_c.a(__init_alloc.o)
 .comment       0x000000000000004c       0x4d /Applications/MCUXpressoIDE_11.3.0_5222/ide/plugins/com.nxp.mcuxpresso.tools.macosx_11.3.0.202011031536/tools/bin/../lib/gcc/arm-none-eabi/9.3.1/../../../../arm-none-eabi/lib/thumb/v7-m/nofp/libcr_c.a(_cr_sbrk.o)
 .comment       0x000000000000004c       0x4d /Applications/MCUXpressoIDE_11.3.0_5222/ide/plugins/com.nxp.mcuxpresso.tools.macosx_11.3.0.202011031536/tools/bin/../lib/gcc/arm-none-eabi/9.3.1/../../../../arm-none-eabi/lib/thumb/v7-m/nofp/libcr_c.a(_deferredlazyseek.o)
 .comment       0x000000000000004c       0x4d /Applications/MCUXpressoIDE_11.3.0_5222/ide/plugins/com.nxp.mcuxpresso.tools.macosx_11.3.0.202011031536/tools/bin/../lib/gcc/arm-none-eabi/9.3.1/../../../../arm-none-eabi/lib/thumb/v7-m/nofp/libcr_c.a(_fdopen.o)
 .comment       0x000000000000004c       0x4d /Applications/MCUXpressoIDE_11.3.0_5222/ide/plugins/com.nxp.mcuxpresso.tools.macosx_11.3.0.202011031536/tools/bin/../lib/gcc/arm-none-eabi/9.3.1/../../../../arm-none-eabi/lib/thumb/v7-m/nofp/libcr_c.a(_fflush.o)
 .comment       0x000000000000004c       0x4d /Applications/MCUXpressoIDE_11.3.0_5222/ide/plugins/com.nxp.mcuxpresso.tools.macosx_11.3.0.202011031536/tools/bin/../lib/gcc/arm-none-eabi/9.3.1/../../../../arm-none-eabi/lib/thumb/v7-m/nofp/libcr_c.a(_frexpl.o)
 .comment       0x000000000000004c       0x4d /Applications/MCUXpressoIDE_11.3.0_5222/ide/plugins/com.nxp.mcuxpresso.tools.macosx_11.3.0.202011031536/tools/bin/../lib/gcc/arm-none-eabi/9.3.1/../../../../arm-none-eabi/lib/thumb/v7-m/nofp/libcr_c.a(_ldexpl.o)
 .comment       0x000000000000004c       0x4d /Applications/MCUXpressoIDE_11.3.0_5222/ide/plugins/com.nxp.mcuxpresso.tools.macosx_11.3.0.202011031536/tools/bin/../lib/gcc/arm-none-eabi/9.3.1/../../../../arm-none-eabi/lib/thumb/v7-m/nofp/libcr_c.a(_sincos.o)
 .comment       0x000000000000004c       0x4d /Applications/MCUXpressoIDE_11.3.0_5222/ide/plugins/com.nxp.mcuxpresso.tools.macosx_11.3.0.202011031536/tools/bin/../lib/gcc/arm-none-eabi/9.3.1/../../../../arm-none-eabi/lib/thumb/v7-m/nofp/libcr_c.a(_writebuf.o)
 .comment       0x000000000000004c       0x4d /Applications/MCUXpressoIDE_11.3.0_5222/ide/plugins/com.nxp.mcuxpresso.tools.macosx_11.3.0.202011031536/tools/bin/../lib/gcc/arm-none-eabi/9.3.1/../../../../arm-none-eabi/lib/thumb/v7-m/nofp/libcr_c.a(errno.o)
 .comment       0x000000000000004c       0x4d /Applications/MCUXpressoIDE_11.3.0_5222/ide/plugins/com.nxp.mcuxpresso.tools.macosx_11.3.0.202011031536/tools/bin/../lib/gcc/arm-none-eabi/9.3.1/../../../../arm-none-eabi/lib/thumb/v7-m/nofp/libcr_c.a(fabs.o)
 .comment       0x000000000000004c       0x4d /Applications/MCUXpressoIDE_11.3.0_5222/ide/plugins/com.nxp.mcuxpresso.tools.macosx_11.3.0.202011031536/tools/bin/../lib/gcc/arm-none-eabi/9.3.1/../../../../arm-none-eabi/lib/thumb/v7-m/nofp/libcr_c.a(fclose.o)
 .comment       0x000000000000004c       0x4d /Applications/MCUXpressoIDE_11.3.0_5222/ide/plugins/com.nxp.mcuxpresso.tools.macosx_11.3.0.202011031536/tools/bin/../lib/gcc/arm-none-eabi/9.3.1/../../../../arm-none-eabi/lib/thumb/v7-m/nofp/libcr_c.a(fflush.o)
 .comment       0x000000000000004c       0x4d /Applications/MCUXpressoIDE_11.3.0_5222/ide/plugins/com.nxp.mcuxpresso.tools.macosx_11.3.0.202011031536/tools/bin/../lib/gcc/arm-none-eabi/9.3.1/../../../../arm-none-eabi/lib/thumb/v7-m/nofp/libcr_c.a(frexp.o)
 .comment       0x000000000000004c       0x4d /Applications/MCUXpressoIDE_11.3.0_5222/ide/plugins/com.nxp.mcuxpresso.tools.macosx_11.3.0.202011031536/tools/bin/../lib/gcc/arm-none-eabi/9.3.1/../../../../arm-none-eabi/lib/thumb/v7-m/nofp/libcr_c.a(fseek.o)
 .comment       0x000000000000004c       0x4d /Applications/MCUXpressoIDE_11.3.0_5222/ide/plugins/com.nxp.mcuxpresso.tools.macosx_11.3.0.202011031536/tools/bin/../lib/gcc/arm-none-eabi/9.3.1/../../../../arm-none-eabi/lib/thumb/v7-m/nofp/libcr_c.a(ftell.o)
 .comment       0x000000000000004c       0x4d /Applications/MCUXpressoIDE_11.3.0_5222/ide/plugins/com.nxp.mcuxpresso.tools.macosx_11.3.0.202011031536/tools/bin/../lib/gcc/arm-none-eabi/9.3.1/../../../../arm-none-eabi/lib/thumb/v7-m/nofp/libcr_c.a(ldexp.o)
 .comment       0x000000000000004c       0x4d /Applications/MCUXpressoIDE_11.3.0_5222/ide/plugins/com.nxp.mcuxpresso.tools.macosx_11.3.0.202011031536/tools/bin/../lib/gcc/arm-none-eabi/9.3.1/../../../../arm-none-eabi/lib/thumb/v7-m/nofp/libcr_c.a(remove.o)
 .comment       0x000000000000004c       0x4d /Applications/MCUXpressoIDE_11.3.0_5222/ide/plugins/com.nxp.mcuxpresso.tools.macosx_11.3.0.202011031536/tools/bin/../lib/gcc/arm-none-eabi/9.3.1/../../../../arm-none-eabi/lib/thumb/v7-m/nofp/libcr_c.a(_cr_check_heap.o)
 .comment       0x000000000000004c       0x4d /Applications/MCUXpressoIDE_11.3.0_5222/ide/plugins/com.nxp.mcuxpresso.tools.macosx_11.3.0.202011031536/tools/bin/../lib/gcc/arm-none-eabi/9.3.1/../../../../arm-none-eabi/lib/thumb/v7-m/nofp/libcr_c.a(_do_fflush.o)
 .comment       0x000000000000004c       0x4d /Applications/MCUXpressoIDE_11.3.0_5222/ide/plugins/com.nxp.mcuxpresso.tools.macosx_11.3.0.202011031536/tools/bin/../lib/gcc/arm-none-eabi/9.3.1/thumb/v7-m/nofp/libcr_eabihelpers.a(double.o)
 .comment       0x000000000000004c       0x4d /Applications/MCUXpressoIDE_11.3.0_5222/ide/plugins/com.nxp.mcuxpresso.tools.macosx_11.3.0.202011031536/tools/bin/../lib/gcc/arm-none-eabi/9.3.1/thumb/v7-m/nofp/libcr_eabihelpers.a(float.o)
 .comment       0x000000000000004c       0x4d /Applications/MCUXpressoIDE_11.3.0_5222/ide/plugins/com.nxp.mcuxpresso.tools.macosx_11.3.0.202011031536/tools/bin/../lib/gcc/arm-none-eabi/9.3.1/../../../../arm-none-eabi/lib/thumb/v7-m/nofp/libcr_semihost.a(__ciob.o)

.ARM.attributes
                0x0000000000000000       0x2b
 .ARM.attributes
                0x0000000000000000       0x2d ./src/DecorationShapes.o
 .ARM.attributes
                0x000000000000002d       0x2d ./src/Divya_Lab3D_CMPE240.o
 .ARM.attributes
                0x000000000000005a       0x2d ./src/cr_startup_lpc175x_6x.o
 .ARM.attributes
                0x0000000000000087       0x33 ./src/crp.o
 .ARM.attributes
                0x00000000000000ba       0x2d ./src/drawLine.o
 .ARM.attributes
                0x00000000000000e7       0x33 ./src/globals.o
 .ARM.attributes
                0x000000000000011a       0x2d ./src/main.o
 .ARM.attributes
                0x0000000000000147       0x2d ./src/ssp.o
 .ARM.attributes
                0x0000000000000174       0x2d /Users/divya/Documents/MCUXpressoIDE_11.3.0/workspace/CMSIS_CORE_LPC17xx/Debug/libCMSIS_CORE_LPC17xx.a(system_LPC17xx.o)
 .ARM.attributes
                0x00000000000001a1       0x2d /Applications/MCUXpressoIDE_11.3.0_5222/ide/plugins/com.nxp.mcuxpresso.tools.macosx_11.3.0.202011031536/tools/bin/../lib/gcc/arm-none-eabi/9.3.1/../../../../arm-none-eabi/lib/thumb/v7-m/nofp/libcr_semihost.a(_cr__main.o)
 .ARM.attributes
                0x00000000000001ce       0x2d /Applications/MCUXpressoIDE_11.3.0_5222/ide/plugins/com.nxp.mcuxpresso.tools.macosx_11.3.0.202011031536/tools/bin/../lib/gcc/arm-none-eabi/9.3.1/../../../../arm-none-eabi/lib/thumb/v7-m/nofp/libcr_c.a(alloc.o)
 .ARM.attributes
                0x00000000000001fb       0x2d /Applications/MCUXpressoIDE_11.3.0_5222/ide/plugins/com.nxp.mcuxpresso.tools.macosx_11.3.0.202011031536/tools/bin/../lib/gcc/arm-none-eabi/9.3.1/../../../../arm-none-eabi/lib/thumb/v7-m/nofp/libcr_c.a(cos.o)
 .ARM.attributes
                0x0000000000000228       0x2d /Applications/MCUXpressoIDE_11.3.0_5222/ide/plugins/com.nxp.mcuxpresso.tools.macosx_11.3.0.202011031536/tools/bin/../lib/gcc/arm-none-eabi/9.3.1/../../../../arm-none-eabi/lib/thumb/v7-m/nofp/libcr_c.a(floor.o)
 .ARM.attributes
                0x0000000000000255       0x2d /Applications/MCUXpressoIDE_11.3.0_5222/ide/plugins/com.nxp.mcuxpresso.tools.macosx_11.3.0.202011031536/tools/bin/../lib/gcc/arm-none-eabi/9.3.1/../../../../arm-none-eabi/lib/thumb/v7-m/nofp/libcr_c.a(fpprintf.o)
 .ARM.attributes
                0x0000000000000282       0x2d /Applications/MCUXpressoIDE_11.3.0_5222/ide/plugins/com.nxp.mcuxpresso.tools.macosx_11.3.0.202011031536/tools/bin/../lib/gcc/arm-none-eabi/9.3.1/../../../../arm-none-eabi/lib/thumb/v7-m/nofp/libcr_c.a(initio.o)
 .ARM.attributes
                0x00000000000002af       0x2d /Applications/MCUXpressoIDE_11.3.0_5222/ide/plugins/com.nxp.mcuxpresso.tools.macosx_11.3.0.202011031536/tools/bin/../lib/gcc/arm-none-eabi/9.3.1/../../../../arm-none-eabi/lib/thumb/v7-m/nofp/libcr_c.a(pow.o)
 .ARM.attributes
                0x00000000000002dc       0x2d /Applications/MCUXpressoIDE_11.3.0_5222/ide/plugins/com.nxp.mcuxpresso.tools.macosx_11.3.0.202011031536/tools/bin/../lib/gcc/arm-none-eabi/9.3.1/../../../../arm-none-eabi/lib/thumb/v7-m/nofp/libcr_c.a(printf.o)
 .ARM.attributes
                0x0000000000000309       0x2d /Applications/MCUXpressoIDE_11.3.0_5222/ide/plugins/com.nxp.mcuxpresso.tools.macosx_11.3.0.202011031536/tools/bin/../lib/gcc/arm-none-eabi/9.3.1/../../../../arm-none-eabi/lib/thumb/v7-m/nofp/libcr_c.a(puts.o)
 .ARM.attributes
                0x0000000000000336       0x2d /Applications/MCUXpressoIDE_11.3.0_5222/ide/plugins/com.nxp.mcuxpresso.tools.macosx_11.3.0.202011031536/tools/bin/../lib/gcc/arm-none-eabi/9.3.1/../../../../arm-none-eabi/lib/thumb/v7-m/nofp/libcr_c.a(setvbuf.o)
 .ARM.attributes
                0x0000000000000363       0x2d /Applications/MCUXpressoIDE_11.3.0_5222/ide/plugins/com.nxp.mcuxpresso.tools.macosx_11.3.0.202011031536/tools/bin/../lib/gcc/arm-none-eabi/9.3.1/../../../../arm-none-eabi/lib/thumb/v7-m/nofp/libcr_c.a(sin.o)
 .ARM.attributes
                0x0000000000000390       0x2d /Applications/MCUXpressoIDE_11.3.0_5222/ide/plugins/com.nxp.mcuxpresso.tools.macosx_11.3.0.202011031536/tools/bin/../lib/gcc/arm-none-eabi/9.3.1/../../../../arm-none-eabi/lib/thumb/v7-m/nofp/libcr_c.a(sqrt.o)
 .ARM.attributes
                0x00000000000003bd       0x2d /Applications/MCUXpressoIDE_11.3.0_5222/ide/plugins/com.nxp.mcuxpresso.tools.macosx_11.3.0.202011031536/tools/bin/../lib/gcc/arm-none-eabi/9.3.1/../../../../arm-none-eabi/lib/thumb/v7-m/nofp/libcr_c.a(stdlib.o)
 .ARM.attributes
                0x00000000000003ea       0x2d /Applications/MCUXpressoIDE_11.3.0_5222/ide/plugins/com.nxp.mcuxpresso.tools.macosx_11.3.0.202011031536/tools/bin/../lib/gcc/arm-none-eabi/9.3.1/../../../../arm-none-eabi/lib/thumb/v7-m/nofp/libcr_c.a(strlen.o)
 .ARM.attributes
                0x0000000000000417       0x2d /Applications/MCUXpressoIDE_11.3.0_5222/ide/plugins/com.nxp.mcuxpresso.tools.macosx_11.3.0.202011031536/tools/bin/../lib/gcc/arm-none-eabi/9.3.1/../../../../arm-none-eabi/lib/thumb/v7-m/nofp/libcr_c.a(memset.o)
 .ARM.attributes
                0x0000000000000444       0x2d /Applications/MCUXpressoIDE_11.3.0_5222/ide/plugins/com.nxp.mcuxpresso.tools.macosx_11.3.0.202011031536/tools/bin/../lib/gcc/arm-none-eabi/9.3.1/../../../../arm-none-eabi/lib/thumb/v7-m/nofp/libcr_c.a(__init_alloc.o)
 .ARM.attributes
                0x0000000000000471       0x2d /Applications/MCUXpressoIDE_11.3.0_5222/ide/plugins/com.nxp.mcuxpresso.tools.macosx_11.3.0.202011031536/tools/bin/../lib/gcc/arm-none-eabi/9.3.1/../../../../arm-none-eabi/lib/thumb/v7-m/nofp/libcr_c.a(_cr_sbrk.o)
 .ARM.attributes
                0x000000000000049e       0x2d /Applications/MCUXpressoIDE_11.3.0_5222/ide/plugins/com.nxp.mcuxpresso.tools.macosx_11.3.0.202011031536/tools/bin/../lib/gcc/arm-none-eabi/9.3.1/../../../../arm-none-eabi/lib/thumb/v7-m/nofp/libcr_c.a(_deferredlazyseek.o)
 .ARM.attributes
                0x00000000000004cb       0x2d /Applications/MCUXpressoIDE_11.3.0_5222/ide/plugins/com.nxp.mcuxpresso.tools.macosx_11.3.0.202011031536/tools/bin/../lib/gcc/arm-none-eabi/9.3.1/../../../../arm-none-eabi/lib/thumb/v7-m/nofp/libcr_c.a(_fdopen.o)
 .ARM.attributes
                0x00000000000004f8       0x2d /Applications/MCUXpressoIDE_11.3.0_5222/ide/plugins/com.nxp.mcuxpresso.tools.macosx_11.3.0.202011031536/tools/bin/../lib/gcc/arm-none-eabi/9.3.1/../../../../arm-none-eabi/lib/thumb/v7-m/nofp/libcr_c.a(_fflush.o)
 .ARM.attributes
                0x0000000000000525       0x2d /Applications/MCUXpressoIDE_11.3.0_5222/ide/plugins/com.nxp.mcuxpresso.tools.macosx_11.3.0.202011031536/tools/bin/../lib/gcc/arm-none-eabi/9.3.1/../../../../arm-none-eabi/lib/thumb/v7-m/nofp/libcr_c.a(_frexpl.o)
 .ARM.attributes
                0x0000000000000552       0x2d /Applications/MCUXpressoIDE_11.3.0_5222/ide/plugins/com.nxp.mcuxpresso.tools.macosx_11.3.0.202011031536/tools/bin/../lib/gcc/arm-none-eabi/9.3.1/../../../../arm-none-eabi/lib/thumb/v7-m/nofp/libcr_c.a(_ldexpl.o)
 .ARM.attributes
                0x000000000000057f       0x2d /Applications/MCUXpressoIDE_11.3.0_5222/ide/plugins/com.nxp.mcuxpresso.tools.macosx_11.3.0.202011031536/tools/bin/../lib/gcc/arm-none-eabi/9.3.1/../../../../arm-none-eabi/lib/thumb/v7-m/nofp/libcr_c.a(_sincos.o)
 .ARM.attributes
                0x00000000000005ac       0x2d /Applications/MCUXpressoIDE_11.3.0_5222/ide/plugins/com.nxp.mcuxpresso.tools.macosx_11.3.0.202011031536/tools/bin/../lib/gcc/arm-none-eabi/9.3.1/../../../../arm-none-eabi/lib/thumb/v7-m/nofp/libcr_c.a(_writebuf.o)
 .ARM.attributes
                0x00000000000005d9       0x33 /Applications/MCUXpressoIDE_11.3.0_5222/ide/plugins/com.nxp.mcuxpresso.tools.macosx_11.3.0.202011031536/tools/bin/../lib/gcc/arm-none-eabi/9.3.1/../../../../arm-none-eabi/lib/thumb/v7-m/nofp/libcr_c.a(errno.o)
 .ARM.attributes
                0x000000000000060c       0x2d /Applications/MCUXpressoIDE_11.3.0_5222/ide/plugins/com.nxp.mcuxpresso.tools.macosx_11.3.0.202011031536/tools/bin/../lib/gcc/arm-none-eabi/9.3.1/../../../../arm-none-eabi/lib/thumb/v7-m/nofp/libcr_c.a(fabs.o)
 .ARM.attributes
                0x0000000000000639       0x2d /Applications/MCUXpressoIDE_11.3.0_5222/ide/plugins/com.nxp.mcuxpresso.tools.macosx_11.3.0.202011031536/tools/bin/../lib/gcc/arm-none-eabi/9.3.1/../../../../arm-none-eabi/lib/thumb/v7-m/nofp/libcr_c.a(fclose.o)
 .ARM.attributes
                0x0000000000000666       0x2d /Applications/MCUXpressoIDE_11.3.0_5222/ide/plugins/com.nxp.mcuxpresso.tools.macosx_11.3.0.202011031536/tools/bin/../lib/gcc/arm-none-eabi/9.3.1/../../../../arm-none-eabi/lib/thumb/v7-m/nofp/libcr_c.a(fflush.o)
 .ARM.attributes
                0x0000000000000693       0x2d /Applications/MCUXpressoIDE_11.3.0_5222/ide/plugins/com.nxp.mcuxpresso.tools.macosx_11.3.0.202011031536/tools/bin/../lib/gcc/arm-none-eabi/9.3.1/../../../../arm-none-eabi/lib/thumb/v7-m/nofp/libcr_c.a(frexp.o)
 .ARM.attributes
                0x00000000000006c0       0x2d /Applications/MCUXpressoIDE_11.3.0_5222/ide/plugins/com.nxp.mcuxpresso.tools.macosx_11.3.0.202011031536/tools/bin/../lib/gcc/arm-none-eabi/9.3.1/../../../../arm-none-eabi/lib/thumb/v7-m/nofp/libcr_c.a(fseek.o)
 .ARM.attributes
                0x00000000000006ed       0x2d /Applications/MCUXpressoIDE_11.3.0_5222/ide/plugins/com.nxp.mcuxpresso.tools.macosx_11.3.0.202011031536/tools/bin/../lib/gcc/arm-none-eabi/9.3.1/../../../../arm-none-eabi/lib/thumb/v7-m/nofp/libcr_c.a(ftell.o)
 .ARM.attributes
                0x000000000000071a       0x2d /Applications/MCUXpressoIDE_11.3.0_5222/ide/plugins/com.nxp.mcuxpresso.tools.macosx_11.3.0.202011031536/tools/bin/../lib/gcc/arm-none-eabi/9.3.1/../../../../arm-none-eabi/lib/thumb/v7-m/nofp/libcr_c.a(ldexp.o)
 .ARM.attributes
                0x0000000000000747       0x2d /Applications/MCUXpressoIDE_11.3.0_5222/ide/plugins/com.nxp.mcuxpresso.tools.macosx_11.3.0.202011031536/tools/bin/../lib/gcc/arm-none-eabi/9.3.1/../../../../arm-none-eabi/lib/thumb/v7-m/nofp/libcr_c.a(remove.o)
 .ARM.attributes
                0x0000000000000774       0x2d /Applications/MCUXpressoIDE_11.3.0_5222/ide/plugins/com.nxp.mcuxpresso.tools.macosx_11.3.0.202011031536/tools/bin/../lib/gcc/arm-none-eabi/9.3.1/../../../../arm-none-eabi/lib/thumb/v7-m/nofp/libcr_c.a(_cr_check_heap.o)
 .ARM.attributes
                0x00000000000007a1       0x2d /Applications/MCUXpressoIDE_11.3.0_5222/ide/plugins/com.nxp.mcuxpresso.tools.macosx_11.3.0.202011031536/tools/bin/../lib/gcc/arm-none-eabi/9.3.1/../../../../arm-none-eabi/lib/thumb/v7-m/nofp/libcr_c.a(_do_fflush.o)
 .ARM.attributes
                0x00000000000007ce       0x2d /Applications/MCUXpressoIDE_11.3.0_5222/ide/plugins/com.nxp.mcuxpresso.tools.macosx_11.3.0.202011031536/tools/bin/../lib/gcc/arm-none-eabi/9.3.1/thumb/v7-m/nofp/libcr_eabihelpers.a(double.o)
 .ARM.attributes
                0x00000000000007fb       0x2d /Applications/MCUXpressoIDE_11.3.0_5222/ide/plugins/com.nxp.mcuxpresso.tools.macosx_11.3.0.202011031536/tools/bin/../lib/gcc/arm-none-eabi/9.3.1/thumb/v7-m/nofp/libcr_eabihelpers.a(float.o)
 .ARM.attributes
                0x0000000000000828       0x1b /Applications/MCUXpressoIDE_11.3.0_5222/ide/plugins/com.nxp.mcuxpresso.tools.macosx_11.3.0.202011031536/tools/bin/../lib/gcc/arm-none-eabi/9.3.1/thumb/v7-m/nofp/libcr_eabihelpers.a(memcpy.o)
 .ARM.attributes
                0x0000000000000843       0x33 /Applications/MCUXpressoIDE_11.3.0_5222/ide/plugins/com.nxp.mcuxpresso.tools.macosx_11.3.0.202011031536/tools/bin/../lib/gcc/arm-none-eabi/9.3.1/../../../../arm-none-eabi/lib/thumb/v7-m/nofp/libcr_semihost.a(__ciob.o)
 .ARM.attributes
                0x0000000000000876       0x1b /Applications/MCUXpressoIDE_11.3.0_5222/ide/plugins/com.nxp.mcuxpresso.tools.macosx_11.3.0.202011031536/tools/bin/../lib/gcc/arm-none-eabi/9.3.1/../../../../arm-none-eabi/lib/thumb/v7-m/nofp/libcr_semihost.a(__sys_appexit.o)
 .ARM.attributes
                0x0000000000000891       0x1b /Applications/MCUXpressoIDE_11.3.0_5222/ide/plugins/com.nxp.mcuxpresso.tools.macosx_11.3.0.202011031536/tools/bin/../lib/gcc/arm-none-eabi/9.3.1/../../../../arm-none-eabi/lib/thumb/v7-m/nofp/libcr_semihost.a(__sys_close.o)
 .ARM.attributes
                0x00000000000008ac       0x1b /Applications/MCUXpressoIDE_11.3.0_5222/ide/plugins/com.nxp.mcuxpresso.tools.macosx_11.3.0.202011031536/tools/bin/../lib/gcc/arm-none-eabi/9.3.1/../../../../arm-none-eabi/lib/thumb/v7-m/nofp/libcr_semihost.a(__sys_flen.o)
 .ARM.attributes
                0x00000000000008c7       0x1b /Applications/MCUXpressoIDE_11.3.0_5222/ide/plugins/com.nxp.mcuxpresso.tools.macosx_11.3.0.202011031536/tools/bin/../lib/gcc/arm-none-eabi/9.3.1/../../../../arm-none-eabi/lib/thumb/v7-m/nofp/libcr_semihost.a(__sys_istty.o)
 .ARM.attributes
                0x00000000000008e2       0x1b /Applications/MCUXpressoIDE_11.3.0_5222/ide/plugins/com.nxp.mcuxpresso.tools.macosx_11.3.0.202011031536/tools/bin/../lib/gcc/arm-none-eabi/9.3.1/../../../../arm-none-eabi/lib/thumb/v7-m/nofp/libcr_semihost.a(__sys_remove.o)
 .ARM.attributes
                0x00000000000008fd       0x1b /Applications/MCUXpressoIDE_11.3.0_5222/ide/plugins/com.nxp.mcuxpresso.tools.macosx_11.3.0.202011031536/tools/bin/../lib/gcc/arm-none-eabi/9.3.1/../../../../arm-none-eabi/lib/thumb/v7-m/nofp/libcr_semihost.a(__sys_seek.o)
 .ARM.attributes
                0x0000000000000918       0x1b /Applications/MCUXpressoIDE_11.3.0_5222/ide/plugins/com.nxp.mcuxpresso.tools.macosx_11.3.0.202011031536/tools/bin/../lib/gcc/arm-none-eabi/9.3.1/../../../../arm-none-eabi/lib/thumb/v7-m/nofp/libcr_semihost.a(__sys_tmpnam.o)
 .ARM.attributes
                0x0000000000000933       0x1b /Applications/MCUXpressoIDE_11.3.0_5222/ide/plugins/com.nxp.mcuxpresso.tools.macosx_11.3.0.202011031536/tools/bin/../lib/gcc/arm-none-eabi/9.3.1/../../../../arm-none-eabi/lib/thumb/v7-m/nofp/libcr_semihost.a(__sys_write.o)

.debug_frame    0x0000000000000000      0xcb8
 .debug_frame   0x0000000000000000      0x200 ./src/DecorationShapes.o
 .debug_frame   0x0000000000000200      0x5b4 ./src/Divya_Lab3D_CMPE240.o
 .debug_frame   0x00000000000007b4      0x170 ./src/cr_startup_lpc175x_6x.o
 .debug_frame   0x0000000000000924      0x1ac ./src/drawLine.o
 .debug_frame   0x0000000000000ad0       0x3c ./src/main.o
 .debug_frame   0x0000000000000b0c      0x170 ./src/ssp.o
 .debug_frame   0x0000000000000c7c       0x3c /Users/divya/Documents/MCUXpressoIDE_11.3.0/workspace/CMSIS_CORE_LPC17xx/Debug/libCMSIS_CORE_LPC17xx.a(system_LPC17xx.o)

Cross Reference Table

Symbol                                            File
ADC_IRQHandler                                    ./src/cr_startup_lpc175x_6x.o
BOD_IRQHandler                                    ./src/cr_startup_lpc175x_6x.o
BusFault_Handler                                  ./src/cr_startup_lpc175x_6x.o
CANActivity_IRQHandler                            ./src/cr_startup_lpc175x_6x.o
CAN_IRQHandler                                    ./src/cr_startup_lpc175x_6x.o
CRP_WORD                                          ./src/crp.o
DMA_IRQHandler                                    ./src/cr_startup_lpc175x_6x.o
DebugMon_Handler                                  ./src/cr_startup_lpc175x_6x.o
EINT0_IRQHandler                                  ./src/cr_startup_lpc175x_6x.o
EINT1_IRQHandler                                  ./src/cr_startup_lpc175x_6x.o
EINT2_IRQHandler                                  ./src/cr_startup_lpc175x_6x.o
EINT3_IRQHandler                                  ./src/cr_startup_lpc175x_6x.o
ENET_IRQHandler                                   ./src/cr_startup_lpc175x_6x.o
FOCAL_LENGTH_D                                    ./src/globals.o
                                                  ./src/Divya_Lab3D_CMPE240.o
HardFault_Handler                                 ./src/cr_startup_lpc175x_6x.o
I2C0_IRQHandler                                   ./src/cr_startup_lpc175x_6x.o
I2C1_IRQHandler                                   ./src/cr_startup_lpc175x_6x.o
I2C2_IRQHandler                                   ./src/cr_startup_lpc175x_6x.o
I2S_IRQHandler                                    ./src/cr_startup_lpc175x_6x.o
IntDefaultHandler                                 ./src/cr_startup_lpc175x_6x.o
MCPWM_IRQHandler                                  ./src/cr_startup_lpc175x_6x.o
MemManage_Handler                                 ./src/cr_startup_lpc175x_6x.o
NMI_Handler                                       ./src/cr_startup_lpc175x_6x.o
NORMAL_VECTOR                                     ./src/globals.o
OFFSET                                            ./src/globals.o
                                                  ./src/Divya_Lab3D_CMPE240.o
PLL0_IRQHandler                                   ./src/cr_startup_lpc175x_6x.o
PLL1_IRQHandler                                   ./src/cr_startup_lpc175x_6x.o
POINT_LIGHT_SOURCE                                ./src/globals.o
                                                  ./src/Divya_Lab3D_CMPE240.o
PORT_NUM                                          ./src/globals.o
                                                  ./src/main.o
PWM1_IRQHandler                                   ./src/cr_startup_lpc175x_6x.o
PendSV_Handler                                    ./src/cr_startup_lpc175x_6x.o
QEI_IRQHandler                                    ./src/cr_startup_lpc175x_6x.o
REFLECTIVITY_B                                    ./src/globals.o
                                                  ./src/main.o
REFLECTIVITY_G                                    ./src/globals.o
                                                  ./src/main.o
REFLECTIVITY_R                                    ./src/globals.o
                                                  ./src/main.o
RIT_IRQHandler                                    ./src/cr_startup_lpc175x_6x.o
RTC_IRQHandler                                    ./src/cr_startup_lpc175x_6x.o
ResetISR                                          ./src/cr_startup_lpc175x_6x.o
Rotation3D                                        ./src/DecorationShapes.o
SCALING_FACTOR                                    ./src/globals.o
                                                  ./src/Divya_Lab3D_CMPE240.o
SPI_IRQHandler                                    ./src/cr_startup_lpc175x_6x.o
SSP0Init                                          ./src/ssp.o
                                                  ./src/main.o
SSP0_IRQHandler                                   ./src/ssp.o
                                                  ./src/cr_startup_lpc175x_6x.o
SSP1Init                                          ./src/ssp.o
SSP1SendReceive                                   ./src/ssp.o
SSP1_IRQHandler                                   ./src/ssp.o
                                                  ./src/cr_startup_lpc175x_6x.o
SSPReceive                                        ./src/ssp.o
SSPSend                                           ./src/ssp.o
                                                  ./src/drawLine.o
SSP_SSELToggle                                    ./src/ssp.o
                                                  ./src/drawLine.o
ST7735_TFTHEIGHT                                  ./src/globals.o
                                                  ./src/main.o
                                                  ./src/Divya_Lab3D_CMPE240.o
ST7735_TFTWIDTH                                   ./src/globals.o
                                                  ./src/main.o
                                                  ./src/Divya_Lab3D_CMPE240.o
SVC_Handler                                       ./src/cr_startup_lpc175x_6x.o
SysTick_Handler                                   ./src/cr_startup_lpc175x_6x.o
SystemCoreClock                                   /Users/divya/Documents/MCUXpressoIDE_11.3.0/workspace/CMSIS_CORE_LPC17xx/Debug/libCMSIS_CORE_LPC17xx.a(system_LPC17xx.o)
SystemCoreClockUpdate                             /Users/divya/Documents/MCUXpressoIDE_11.3.0/workspace/CMSIS_CORE_LPC17xx/Debug/libCMSIS_CORE_LPC17xx.a(system_LPC17xx.o)
SystemInit                                        /Users/divya/Documents/MCUXpressoIDE_11.3.0/workspace/CMSIS_CORE_LPC17xx/Debug/libCMSIS_CORE_LPC17xx.a(system_LPC17xx.o)
                                                  ./src/cr_startup_lpc175x_6x.o
TIMER0_IRQHandler                                 ./src/cr_startup_lpc175x_6x.o
TIMER1_IRQHandler                                 ./src/cr_startup_lpc175x_6x.o
TIMER2_IRQHandler                                 ./src/cr_startup_lpc175x_6x.o
TIMER3_IRQHandler                                 ./src/cr_startup_lpc175x_6x.o
ThreeDTransformationPipelining                    ./src/Divya_Lab3D_CMPE240.o
UART0_IRQHandler                                  ./src/cr_startup_lpc175x_6x.o
UART1_IRQHandler                                  ./src/cr_startup_lpc175x_6x.o
UART2_IRQHandler                                  ./src/cr_startup_lpc175x_6x.o
UART3_IRQHandler                                  ./src/cr_startup_lpc175x_6x.o
USBActivity_IRQHandler                            ./src/cr_startup_lpc175x_6x.o
USB_IRQHandler                                    ./src/cr_startup_lpc175x_6x.o
UsageFault_Handler                                ./src/cr_startup_lpc175x_6x.o
VIRTUAL_CAMERA                                    ./src/globals.o
                                                  ./src/Divya_Lab3D_CMPE240.o
WDT_IRQHandler                                    ./src/cr_startup_lpc175x_6x.o
_Csys_alloc                                       /Applications/MCUXpressoIDE_11.3.0_5222/ide/plugins/com.nxp.mcuxpresso.tools.macosx_11.3.0.202011031536/tools/bin/../lib/gcc/arm-none-eabi/9.3.1/../../../../arm-none-eabi/lib/thumb/v7-m/nofp/libcr_c.a(alloc.o)
                                                  /Applications/MCUXpressoIDE_11.3.0_5222/ide/plugins/com.nxp.mcuxpresso.tools.macosx_11.3.0.202011031536/tools/bin/../lib/gcc/arm-none-eabi/9.3.1/../../../../arm-none-eabi/lib/thumb/v7-m/nofp/libcr_c.a(_deferredlazyseek.o)
_Cwritebuf                                        /Applications/MCUXpressoIDE_11.3.0_5222/ide/plugins/com.nxp.mcuxpresso.tools.macosx_11.3.0.202011031536/tools/bin/../lib/gcc/arm-none-eabi/9.3.1/../../../../arm-none-eabi/lib/thumb/v7-m/nofp/libcr_c.a(_writebuf.o)