Divya_Lab3D_CMPE240.c:7:23:diffusedReflectionVertexForRGBColors	64	static
Divya_Lab3D_CMPE240.c:16:7:diffusedReflectionVertexForOneColor	72	static
Divya_Lab3D_CMPE240.c:28:6:fillPolygonGradient	184	dynamic
Divya_Lab3D_CMPE240.c:64:10:findcolor	48	static
Divya_Lab3D_CMPE240.c:75:6:fillaBoundaryLineWithGradient	104	static
Divya_Lab3D_CMPE240.c:88:6:fillaInteriorLineWithGradient	104	static
Divya_Lab3D_CMPE240.c:116:23:diffusedReflectionOfPointOnALine	64	static
Divya_Lab3D_CMPE240.c:129:7:diffusedReflectionIntermediatePointOneColor	48	static
Divya_Lab3D_CMPE240.c:139:7:diffusedReflectionOfPointCoordinate	40	static
Divya_Lab3D_CMPE240.c:150:7:pointsOnALine	80	static
Divya_Lab3D_CMPE240.c:179:6:fillPolygon	96	static
Divya_Lab3D_CMPE240.c:234:6:fillaLine	24	static
Divya_Lab3D_CMPE240.c:240:7:maximum	16	static
Divya_Lab3D_CMPE240.c:245:7:round_value	16	static
Divya_Lab3D_CMPE240.c:251:6:makeShadow	128	dynamic
Divya_Lab3D_CMPE240.c:284:6:gradientUsingDDA	152	static
Divya_Lab3D_CMPE240.c:350:6:colorAnyPolygon	56	dynamic
Divya_Lab3D_CMPE240.c:366:7:findLambda	40	static
Divya_Lab3D_CMPE240.c:377:9:findinstersectionPointin3D	48	static
Divya_Lab3D_CMPE240.c:385:6:drawRGBaxis	16	static
Divya_Lab3D_CMPE240.c:390:6:drawCube	24	static
Divya_Lab3D_CMPE240.c:408:6:convert3Dto2Dpoints	104	static
Divya_Lab3D_CMPE240.c:415:9:ThreeDTransformationPipelining	96	static
Divya_Lab3D_CMPE240.c:424:22:determineTranformationMatrix	48	static
Divya_Lab3D_CMPE240.c:436:9:convertWorldCoordinatesToViewerCoordinates	48	static
Divya_Lab3D_CMPE240.c:444:9:convertViewerCoordinatesToProjectedCoordinates	32	static
Divya_Lab3D_CMPE240.c:452:9:convertVirtualCoordinatesToPhysicalCoordinates	32	static
Divya_Lab3D_CMPE240.c:460:7:dotProduct	32	static
Divya_Lab3D_CMPE240.c:464:7:modulus	32	static
Divya_Lab3D_CMPE240.c:468:9:subtract	40	static
Divya_Lab3D_CMPE240.c:476:6:printPoint2D	16	static
Divya_Lab3D_CMPE240.c:480:6:printPoint3D	24	static
Divya_Lab3D_CMPE240.c:484:6:printTranformationMatrix	8	static
